xrun(64): 24.09-s011: (c) Copyright 1995-2025 Cadence Design Systems, Inc.
TOOL:	xrun(64)	24.09-s011: Started on Oct 26, 2025 at 07:58:42 UTC
xrun
	-f run.f
		-64
		-uvmhome /tools/cadence/XCELIUM/24.09.011/tools/methodology/UVM/CDNS-1.1d
		-timescale 1ns/1ns
		-incdir ../../yapp/sv
		../../yapp/sv/yapp_pkg.sv
		../../yapp/sv/yapp_if.sv
		-incdir ../../channel/sv
		../../channel/sv/channel_pkg.sv
		../../channel/sv/channel_if.sv
		-incdir ../../hbus/sv
		../../hbus/sv/hbus_pkg.sv
		../../hbus/sv/hbus_if.sv
		-incdir ../../clock_and_reset/sv
		../../clock_and_reset/sv/clock_and_reset_pkg.sv
		../../clock_and_reset/sv/clock_and_reset_if.sv
		clkgen.sv
		../../router_rtl/yapp_router.sv
		tb_top.sv
		hw_top.sv
		+UVM_TESTNAME=router_mcseq_test
		+UVM_VERBOSITY=UVM_MEDIUM

   User defined plus("+") options:
	+UVM_VERBOSITY=UVM_MEDIUM

Recompiling... reason: file './router_test_lib.sv' is newer than expected.
	expected: Sun Oct 26 07:53:54 2025
	actual:   Sun Oct 26 07:58:24 2025
Compiling UVM packages (uvm_pkg.sv cdns_uvm_pkg.sv) using uvmhome location /tools/cadence/XCELIUM/24.09.011/tools/methodology/UVM/CDNS-1.1d
file: ../../yapp/sv/yapp_pkg.sv
  endfunction: yapp_tx_sequencer
                               |
xmvlog: *W,LBLMAT (../../yapp/sv/yapp_tx_sequencer.sv,10|31): Label/name mismatch: start_of_simulation_phase - yapp_tx_sequencer.
(`include file: ../../yapp/sv/yapp_tx_sequencer.sv line 10, file: ../../yapp/sv/yapp_pkg.sv line 9)
file: ../../clock_and_reset/sv/clock_and_reset_pkg.sv
package clock_and_reset_pkg;
                          |
xmvlog: *W,TSNSPK (../../clock_and_reset/sv/clock_and_reset_pkg.sv,3|26): `timescale is not specified for the package.  The default timescale of 1ns/1ns will be assumed for this package.
file: tb_top.sv
	module worklib.tb_top:sv
		errors: 0, warnings: 0
		Caching library 'worklib' ....... Done
	Elaborating the design hierarchy:
	Top level design units:
		$unit_0x6f8b4d69
		uvm_pkg
		cdns_uvmapi
		cdns_assert2uvm_pkg
		cdns_uvm_pkg
		yapp_pkg
		hbus_pkg
		clock_and_reset_pkg
		channel_pkg
		tb_top
		hw_top
	Building instance overlay tables: .................... Done
	Generating native compiled code:
		worklib.tb_top:sv <0x07136048>
			streams: 131, words: 141530
	Building instance specific data structures.
	Loading native compiled code:     .................... Done
	Design hierarchy summary:
		                        Instances  Unique
		Modules:                        9       7
		Interfaces:                     6       4
		Verilog packages:               8       8
		Resolved nets:                  0       1
		Registers:                 18,606  11,541
		Scalar wires:                  63       -
		Vectored wires:                34       -
		Named events:                   5      13
		Always blocks:                 20      16
		Initial blocks:               470     216
		Parallel blocks:               39      40
		Cont. assignments:             19      42
		Pseudo assignments:            26       -
		Assertions:                     3       3
		Covergroup Instances:           0       2
		Compilation units:              1       1
		SV Class declarations:        252     366
		SV Class specializations:     567     567
		Process Clocks:                14       4
		Simulation timescale:       100ps
	Writing initial simulation snapshot: worklib.tb_top:sv
Loading snapshot worklib.tb_top:sv .................... Done
SVSEED default: 1
xcelium> source /tools/cadence/XCELIUM/24.09.011/tools/xcelium/files/xmsimrc
xcelium> source /tools/cadence/XCELIUM/24.09.011/tools/methodology/UVM/CDNS-1.1d/additions/sv/files/tcl/uvm_sim.tcl
xcelium> run
----------------------------------------------------------------
CDNS-UVM-1.1d (24.09-s011)
(C) 2007-2013 Mentor Graphics Corporation
(C) 2007-2013 Cadence Design Systems, Inc.
(C) 2006-2013 Synopsys, Inc.
(C) 2011-2013 Cypress Semiconductor Corp.
----------------------------------------------------------------

  ***********       IMPORTANT RELEASE NOTES         ************

  You are using a version of the UVM library that has been compiled
  with `UVM_NO_DEPRECATED undefined.
  See http://www.eda.org/svdb/view.php?id=3313 for more details.

  You are using a version of the UVM library that has been compiled
  with `UVM_OBJECT_MUST_HAVE_CONSTRUCTOR undefined.
  See http://www.eda.org/svdb/view.php?id=3770 for more details.

      (Specify +UVM_NO_RELNOTES to turn off this notice)

UVM_INFO @ 0: reporter [RNTST] Running test router_mcseq_test...
UVM_INFO ../../channel/sv/channel_rx_monitor.sv(68) @ 0: uvm_test_top.tb.chan0.rx_agent.monitor [NOCOV] Coverage not enabled for: uvm_test_top.tb.chan0.rx_agent.monitor
UVM_INFO ../../channel/sv/channel_rx_monitor.sv(68) @ 0: uvm_test_top.tb.chan1.rx_agent.monitor [NOCOV] Coverage not enabled for: uvm_test_top.tb.chan1.rx_agent.monitor
UVM_INFO ../../channel/sv/channel_rx_monitor.sv(68) @ 0: uvm_test_top.tb.chan2.rx_agent.monitor [NOCOV] Coverage not enabled for: uvm_test_top.tb.chan2.rx_agent.monitor
UVM_INFO @ 0: reporter [UVMTOP] UVM testbench topology:
--------------------------------------------------------------------------
Name                           Type                       Size  Value     
--------------------------------------------------------------------------
uvm_test_top                   router_mcseq_test          -     @2648     
  tb                           router_tb                  -     @2742     
    chan0                      channel_env                -     @2772     
      rx_agent                 channel_rx_agent           -     @3640     
        driver                 channel_rx_driver          -     @4394     
          rsp_port             uvm_analysis_port          -     @4492     
            recording_detail   integral                   32    'd1       
          seq_item_port        uvm_seq_item_pull_port     -     @4443     
            recording_detail   integral                   32    'd1       
          channel_id           integral                   32    'h0       
          recording_detail     integral                   32    'd1       
        monitor                channel_rx_monitor         -     @3630     
          item_collected_port  uvm_analysis_port          -     @3727     
            recording_detail   integral                   32    'd1       
          channel_id           integral                   32    'h0       
          checks_enable        integral                   1     'h1       
          coverage_enable      integral                   1     'h1       
          recording_detail     integral                   32    'd1       
        sequencer              channel_rx_sequencer       -     @3703     
          rsp_export           uvm_analysis_export        -     @3816     
            recording_detail   integral                   32    'd1       
          seq_item_export      uvm_seq_item_pull_imp      -     @4364     
            recording_detail   integral                   32    'd1       
          recording_detail     integral                   32    'd1       
          arbitration_queue    array                      0     -         
          lock_queue           array                      0     -         
          num_last_reqs        integral                   32    'd1       
          num_last_rsps        integral                   32    'd1       
        is_active              uvm_active_passive_enum    1     UVM_ACTIVE
        recording_detail       integral                   32    'd1       
      channel_id               integral                   32    'h0       
      checks_enable            integral                   1     'h1       
      coverage_enable          integral                   1     'h1       
      recording_detail         integral                   32    'd1       
    chan1                      channel_env                -     @2854     
      rx_agent                 channel_rx_agent           -     @4544     
        driver                 channel_rx_driver          -     @5233     
          rsp_port             uvm_analysis_port          -     @5378     
            recording_detail   integral                   32    'd1       
          seq_item_port        uvm_seq_item_pull_port     -     @5330     
            recording_detail   integral                   32    'd1       
          channel_id           integral                   32    'h1       
          recording_detail     integral                   32    'd1       
        monitor                channel_rx_monitor         -     @4541     
          item_collected_port  uvm_analysis_port          -     @4628     
            recording_detail   integral                   32    'd1       
          channel_id           integral                   32    'h1       
          checks_enable        integral                   1     'h1       
          coverage_enable      integral                   1     'h1       
          recording_detail     integral                   32    'd1       
        sequencer              channel_rx_sequencer       -     @4608     
          rsp_export           uvm_analysis_export        -     @4713     
            recording_detail   integral                   32    'd1       
          seq_item_export      uvm_seq_item_pull_imp      -     @5253     
            recording_detail   integral                   32    'd1       
          recording_detail     integral                   32    'd1       
          arbitration_queue    array                      0     -         
          lock_queue           array                      0     -         
          num_last_reqs        integral                   32    'd1       
          num_last_rsps        integral                   32    'd1       
        is_active              uvm_active_passive_enum    1     UVM_ACTIVE
        recording_detail       integral                   32    'd1       
      channel_id               integral                   32    'h1       
      checks_enable            integral                   1     'h1       
      coverage_enable          integral                   1     'h1       
      recording_detail         integral                   32    'd1       
    chan2                      channel_env                -     @2883     
      rx_agent                 channel_rx_agent           -     @5429     
        driver                 channel_rx_driver          -     @6118     
          rsp_port             uvm_analysis_port          -     @6263     
            recording_detail   integral                   32    'd1       
          seq_item_port        uvm_seq_item_pull_port     -     @6215     
            recording_detail   integral                   32    'd1       
          channel_id           integral                   32    'h2       
          recording_detail     integral                   32    'd1       
        monitor                channel_rx_monitor         -     @5426     
          item_collected_port  uvm_analysis_port          -     @5513     
            recording_detail   integral                   32    'd1       
          channel_id           integral                   32    'h2       
          checks_enable        integral                   1     'h1       
          coverage_enable      integral                   1     'h1       
          recording_detail     integral                   32    'd1       
        sequencer              channel_rx_sequencer       -     @5493     
          rsp_export           uvm_analysis_export        -     @5598     
            recording_detail   integral                   32    'd1       
          seq_item_export      uvm_seq_item_pull_imp      -     @6138     
            recording_detail   integral                   32    'd1       
          recording_detail     integral                   32    'd1       
          arbitration_queue    array                      0     -         
          lock_queue           array                      0     -         
          num_last_reqs        integral                   32    'd1       
          num_last_rsps        integral                   32    'd1       
        is_active              uvm_active_passive_enum    1     UVM_ACTIVE
        recording_detail       integral                   32    'd1       
      channel_id               integral                   32    'h2       
      checks_enable            integral                   1     'h1       
      coverage_enable          integral                   1     'h1       
      recording_detail         integral                   32    'd1       
    clock_and_reset            clock_and_reset_env        -     @3549     
      agent                    clock_and_reset_agent      -     @6313     
        driver                 clock_and_reset_driver     -     @6344     
          rsp_port             uvm_analysis_port          -     @6445     
            recording_detail   integral                   32    'd1       
          seq_item_port        uvm_seq_item_pull_port     -     @6394     
            recording_detail   integral                   32    'd1       
          recording_detail     integral                   32    'd1       
        sequencer              clock_and_reset_sequencer  -     @6475     
          rsp_export           uvm_analysis_export        -     @6532     
            recording_detail   integral                   32    'd1       
          seq_item_export      uvm_seq_item_pull_imp      -     @7080     
            recording_detail   integral                   32    'd1       
          recording_detail     integral                   32    'd1       
          arbitration_queue    array                      0     -         
          lock_queue           array                      0     -         
          num_last_reqs        integral                   32    'd1       
          num_last_rsps        integral                   32    'd1       
        recording_detail       integral                   32    'd1       
      recording_detail         integral                   32    'd1       
    hbus                       hbus_env                   -     @3550     
      masters[0]               hbus_master_agent          -     @7216     
        driver                 hbus_master_driver         -     @7884     
          rsp_port             uvm_analysis_port          -     @7982     
            recording_detail   integral                   32    'd1       
          seq_item_port        uvm_seq_item_pull_port     -     @7933     
            recording_detail   integral                   32    'd1       
          random_delay         integral                   1     'h0       
          master_id            integral                   32    'h0       
          recording_detail     integral                   32    'd1       
        sequencer              hbus_master_sequencer      -     @7212     
          rsp_export           uvm_analysis_export        -     @7306     
            recording_detail   integral                   32    'd1       
          seq_item_export      uvm_seq_item_pull_imp      -     @7854     
            recording_detail   integral                   32    'd1       
          recording_detail     integral                   32    'd1       
          arbitration_queue    array                      0     -         
          lock_queue           array                      0     -         
          num_last_reqs        integral                   32    'd1       
          num_last_rsps        integral                   32    'd1       
        monitor                hbus_monitor               -     @7130     
        is_active              uvm_active_passive_enum    1     UVM_ACTIVE
        master_id              integral                   32    'h0       
        recording_detail       integral                   32    'd1       
      monitor                  hbus_monitor               -     @7130     
        item_collected_port    uvm_analysis_port          -     @7182     
          recording_detail     integral                   32    'd1       
        checks_enable          integral                   1     'h1       
        coverage_enable        integral                   1     'h1       
        recording_detail       integral                   32    'd1       
      num_masters              integral                   32    'h1       
      num_slaves               integral                   32    'h0       
      checks_enable            integral                   1     'h1       
      coverage_enable          integral                   1     'h1       
      recording_detail         integral                   32    'd1       
    mcseqr                     router_mcsequencer         -     @2882     
      rsp_export               uvm_analysis_export        -     @2970     
        recording_detail       integral                   32    'd1       
      seq_item_export          uvm_seq_item_pull_imp      -     @3520     
        recording_detail       integral                   32    'd1       
      recording_detail         integral                   32    'd1       
      arbitration_queue        array                      0     -         
      lock_queue               array                      0     -         
      num_last_reqs            integral                   32    'd1       
      num_last_rsps            integral                   32    'd1       
    yapp                       yapp_env                   -     @2775     
      tx_agent                 yapp_tx_agent              -     @8047     
        driver                 yapp_tx_driver             -     @8746     
          rsp_port             uvm_analysis_port          -     @8844     
            recording_detail   integral                   32    'd1       
          seq_item_port        uvm_seq_item_pull_port     -     @8795     
            recording_detail   integral                   32    'd1       
          num_sent             integral                   32    'h0       
          recording_detail     integral                   32    'd1       
        monitor                yapp_tx_monitor            -     @8081     
          num_pkt_col          integral                   32    'h0       
          recording_detail     integral                   32    'd1       
        sequencer              yapp_tx_sequencer          -     @8077     
          rsp_export           uvm_analysis_export        -     @8166     
            recording_detail   integral                   32    'd1       
          seq_item_export      uvm_seq_item_pull_imp      -     @8716     
            recording_detail   integral                   32    'd1       
          recording_detail     integral                   32    'd1       
          arbitration_queue    array                      0     -         
          lock_queue           array                      0     -         
          num_last_reqs        integral                   32    'd1       
          num_last_rsps        integral                   32    'd1       
        is_active              uvm_active_passive_enum    1     UVM_ACTIVE
        recording_detail       integral                   32    'd1       
      recording_detail         integral                   32    'd1       
    recording_detail           integral                   32    'd1       
--------------------------------------------------------------------------

SDI/Verilog Transaction Recording Facility Version 24.09-s011
UVM_INFO ../../channel/sv/channel_rx_monitor.sv(109) @ 0: uvm_test_top.tb.chan2.rx_agent.monitor [channel_rx_monitor] Inside the run() phase
UVM_INFO ../../channel/sv/channel_rx_monitor.sv(109) @ 0: uvm_test_top.tb.chan1.rx_agent.monitor [channel_rx_monitor] Inside the run() phase
UVM_INFO ../../channel/sv/channel_rx_monitor.sv(109) @ 0: uvm_test_top.tb.chan0.rx_agent.monitor [channel_rx_monitor] Inside the run() phase
UVM_INFO router_mcseqs_lib.sv(29) @ 0: uvm_test_top.tb.mcseqr@@router_simple_mcseq [router_simple_mcseq] raise objection
UVM_INFO router_mcseqs_lib.sv(50) @ 0: uvm_test_top.tb.mcseqr@@router_simple_mcseq [router_simple_mcseq] Starting router_simple_mcseq body
UVM_INFO ../../clock_and_reset/sv/clock_and_reset_seq.sv(48) @ 0: uvm_test_top.tb.clock_and_reset.agent.sequencer@@clk10_rst5_seq [clk10_rst5_seq] Starting test_sequence sequence body
UVM_INFO ../../channel/sv/channel_rx_seqs.sv(33) @ 0: uvm_test_top.tb.chan2.rx_agent.sequencer@@channel_rx_resp_seq [channel_rx_resp_seq] Executing channel_rx_resp_seq (forever)
UVM_INFO ../../channel/sv/channel_rx_seqs.sv(33) @ 0: uvm_test_top.tb.chan1.rx_agent.sequencer@@channel_rx_resp_seq [channel_rx_resp_seq] Executing channel_rx_resp_seq (forever)
UVM_INFO ../../channel/sv/channel_rx_seqs.sv(33) @ 0: uvm_test_top.tb.chan0.rx_agent.sequencer@@channel_rx_resp_seq [channel_rx_resp_seq] Executing channel_rx_resp_seq (forever)
UVM_INFO ../../hbus/sv/hbus_master_seqs.sv(196) @ 0: uvm_test_top.tb.hbus.masters[0].sequencer@@router_simple_mcseq.h_small [hbus_small_packet_seq] Executing sequence
UVM_INFO ../../clock_and_reset/sv/clock_and_reset_seq.sv(20) @ 0: uvm_test_top.tb.clock_and_reset.agent.sequencer@@clk10_rst5_seq.cr [clock_and_reset_sequence] starting body clock_and_reset_wait_seq
UVM_INFO ../../hbus/sv/hbus_master_seqs.sv(133) @ 0: uvm_test_top.tb.hbus.masters[0].sequencer@@router_simple_mcseq.h_small.hbus_seq [hbus_set_yapp_regs_seq] Executing sequence
UVM_INFO ../../hbus/sv/hbus_if.sv(41) @ 50: reporter [HBUS_IF] Master Observed Reset
UVM_INFO ../../hbus/sv/hbus_monitor.sv(91) @ 50: uvm_test_top.tb.hbus.monitor [hbus_monitor] Reset Active
UVM_INFO ../../hbus/sv/hbus_monitor.sv(93) @ 550: uvm_test_top.tb.hbus.monitor [hbus_monitor] Reset Deasserted
UVM_INFO ../../hbus/sv/hbus_master_driver.sv(57) @ 550: uvm_test_top.tb.hbus.masters[0].driver [hbus_master_driver] Reset Dropped
UVM_INFO ../../channel/sv/channel_rx_monitor.sv(113) @ 550: uvm_test_top.tb.chan2.rx_agent.monitor [channel_rx_monitor] Detected Reset Done
UVM_INFO ../../channel/sv/channel_rx_driver.sv(72) @ 550: uvm_test_top.tb.chan2.rx_agent.driver [channel_rx_driver] Reset Dropped
UVM_INFO ../../channel/sv/channel_rx_monitor.sv(113) @ 550: uvm_test_top.tb.chan1.rx_agent.monitor [channel_rx_monitor] Detected Reset Done
UVM_INFO ../../channel/sv/channel_rx_driver.sv(72) @ 550: uvm_test_top.tb.chan1.rx_agent.driver [channel_rx_driver] Reset Dropped
UVM_INFO ../../channel/sv/channel_rx_monitor.sv(113) @ 550: uvm_test_top.tb.chan0.rx_agent.monitor [channel_rx_monitor] Detected Reset Done
UVM_INFO ../../channel/sv/channel_rx_driver.sv(72) @ 550: uvm_test_top.tb.chan0.rx_agent.driver [channel_rx_driver] Reset Dropped
UVM_INFO ../../yapp/sv/yapp_tx_monitor.sv(25) @ 550: uvm_test_top.tb.yapp.tx_agent.monitor [yapp_tx_monitor] Detected Reset Done
UVM_INFO ../../yapp/sv/yapp_tx_driver.sv(37) @ 550: uvm_test_top.tb.yapp.tx_agent.driver [yapp_tx_driver] Reset dropped
UVM_INFO ../../hbus/sv/hbus_if.sv(74) @ 600: reporter [HBUS_IF] Master writes 14 to 1000
UVM_INFO ../../hbus/sv/hbus_master_driver.sv(67) @ 600: uvm_test_top.tb.hbus.masters[0].driver [hbus_master_driver] Driving transaction :
----------------------------------------------------------------------------------------------------------------------
Name                           Type                  Size  Value                                                      
----------------------------------------------------------------------------------------------------------------------
transaction                    hbus_transaction      -     @9435                                                      
  haddr                        integral              16    'h1000                                                     
  hdata                        integral              8     'h14                                                       
  hwr_rd                       hbus_read_write_enum  1     HBUS_WRITE                                                 
  wait_between_cycle           integral              32    'h3                                                        
  begin_time                   time                  64    600                                                        
  depth                        int                   32    'd4                                                        
  parent sequence (name)       string                8     hbus_seq                                                   
  parent sequence (full name)  string                59    uvm_test_top.tb.mcseqr.router_simple_mcseq.h_small.hbus_seq
  sequencer                    string                41    uvm_test_top.tb.hbus.masters[0].sequencer                  
----------------------------------------------------------------------------------------------------------------------

UVM_INFO ../../hbus/sv/hbus_if.sv(148) @ 650: reporter [HBUS_IF] Monitor Write Transaction
UVM_INFO ../../hbus/sv/hbus_monitor.sv(101) @ 650: uvm_test_top.tb.hbus.monitor [hbus_monitor] Collecting Transaction
UVM_INFO ../../hbus/sv/hbus_monitor.sv(109) @ 750: uvm_test_top.tb.hbus.monitor [hbus_monitor] transaction collected :
------------------------------------------------------------
Name                  Type                  Size  Value     
------------------------------------------------------------
tr_collect            hbus_transaction      -     @9591     
  haddr               integral              16    'h1000    
  hdata               integral              8     'h14      
  hwr_rd              hbus_read_write_enum  1     HBUS_WRITE
  wait_between_cycle  integral              32    'h0       
  begin_time          time                  64    650       
  end_time            time                  64    750       
------------------------------------------------------------

UVM_INFO ../../hbus/sv/hbus_if.sv(74) @ 800: reporter [HBUS_IF] Master writes 01 to 1001
UVM_INFO ../../hbus/sv/hbus_master_driver.sv(67) @ 800: uvm_test_top.tb.hbus.masters[0].driver [hbus_master_driver] Driving transaction :
----------------------------------------------------------------------------------------------------------------------
Name                           Type                  Size  Value                                                      
----------------------------------------------------------------------------------------------------------------------
transaction                    hbus_transaction      -     @9321                                                      
  haddr                        integral              16    'h1001                                                     
  hdata                        integral              8     'h1                                                        
  hwr_rd                       hbus_read_write_enum  1     HBUS_WRITE                                                 
  wait_between_cycle           integral              32    'h1                                                        
  begin_time                   time                  64    800                                                        
  depth                        int                   32    'd4                                                        
  parent sequence (name)       string                8     hbus_seq                                                   
  parent sequence (full name)  string                59    uvm_test_top.tb.mcseqr.router_simple_mcseq.h_small.hbus_seq
  sequencer                    string                41    uvm_test_top.tb.hbus.masters[0].sequencer                  
----------------------------------------------------------------------------------------------------------------------

UVM_INFO ../../hbus/sv/hbus_if.sv(148) @ 850: reporter [HBUS_IF] Monitor Write Transaction
UVM_INFO ../../hbus/sv/hbus_monitor.sv(101) @ 850: uvm_test_top.tb.hbus.monitor [hbus_monitor] Collecting Transaction
UVM_INFO ../../hbus/sv/hbus_master_seqs.sv(236) @ 900: uvm_test_top.tb.hbus.masters[0].sequencer@@router_simple_mcseq.h_read [hbus_read_max_pkt_seq] Executing sequence
UVM_INFO ../../hbus/sv/hbus_monitor.sv(109) @ 950: uvm_test_top.tb.hbus.monitor [hbus_monitor] transaction collected :
------------------------------------------------------------
Name                  Type                  Size  Value     
------------------------------------------------------------
tr_collect            hbus_transaction      -     @9591     
  haddr               integral              16    'h1001    
  hdata               integral              8     'h1       
  hwr_rd              hbus_read_write_enum  1     HBUS_WRITE
  wait_between_cycle  integral              32    'h0       
  begin_time          time                  64    850       
  end_time            time                  64    950       
------------------------------------------------------------

UVM_INFO ../../hbus/sv/hbus_master_driver.sv(67) @ 1000: uvm_test_top.tb.hbus.masters[0].driver [hbus_master_driver] Driving transaction :
------------------------------------------------------------------------------------------------------------
Name                           Type                  Size  Value                                            
------------------------------------------------------------------------------------------------------------
transaction                    hbus_transaction      -     @9297                                            
  haddr                        integral              16    'h1000                                           
  hdata                        integral              8     'h7                                              
  hwr_rd                       hbus_read_write_enum  1     HBUS_READ                                        
  wait_between_cycle           integral              32    'h3                                              
  begin_time                   time                  64    1000                                             
  depth                        int                   32    'd3                                              
  parent sequence (name)       string                6     h_read                                           
  parent sequence (full name)  string                49    uvm_test_top.tb.mcseqr.router_simple_mcseq.h_read
  sequencer                    string                41    uvm_test_top.tb.hbus.masters[0].sequencer        
------------------------------------------------------------------------------------------------------------

UVM_INFO ../../hbus/sv/hbus_if.sv(155) @ 1050: reporter [HBUS_IF] Monitor Read Transaction
UVM_INFO ../../hbus/sv/hbus_monitor.sv(101) @ 1050: uvm_test_top.tb.hbus.monitor [hbus_monitor] Collecting Transaction
UVM_INFO ../../hbus/sv/hbus_if.sv(89) @ 1200: reporter [HBUS_IF] Master reads 14 from 1000
UVM_INFO ../../yapp/sv/yapp_tx_seqs.sv(117) @ 1200: uvm_test_top.tb.yapp.tx_agent.sequencer@@router_simple_mcseq.y_seq [yapp_012_seq] Executing yapp_012_seq sequence
UVM_INFO ../../hbus/sv/hbus_monitor.sv(109) @ 1250: uvm_test_top.tb.hbus.monitor [hbus_monitor] transaction collected :
-----------------------------------------------------------
Name                  Type                  Size  Value    
-----------------------------------------------------------
tr_collect            hbus_transaction      -     @9591    
  haddr               integral              16    'h1000   
  hdata               integral              8     'h14     
  hwr_rd              hbus_read_write_enum  1     HBUS_READ
  wait_between_cycle  integral              32    'h0      
  begin_time          time                  64    1050     
  end_time            time                  64    1250     
-----------------------------------------------------------

UVM_INFO ../../yapp/sv/yapp_tx_monitor.sv(41) @ 3650: uvm_test_top.tb.yapp.tx_agent.monitor [yapp_tx_monitor] Packet Collected :
----------------------------------------------------
Name            Type               Size  Value      
----------------------------------------------------
pkt             short_yapp_packet  -     @9392      
  length        integral           6     'h8        
  addr          integral           2     'h0        
  payload       da(integral)       8     -          
    [0]         integral           8     'hcf       
    [1]         integral           8     'ha1       
    [2]         integral           8     'h9d       
    [3]         integral           8     'h68       
    [4]         integral           8     'h3b       
    [5]         integral           8     'h1d       
    [6]         integral           8     'hfc       
    [7]         integral           8     'haf       
  parity        integral           8     'hce       
  parity_type   parity_t           1     GOOD_PARITY
  packet_delay  integral           32    'd0        
  begin_time    time               64    2750       
  end_time      time               64    3650       
----------------------------------------------------

UVM_INFO ../../channel/sv/channel_rx_monitor.sv(144) @ 4750: uvm_test_top.tb.chan0.rx_agent.monitor [channel_rx_monitor] Channel_0 Packet collected :
---------------------------------------------------
Name              Type            Size  Value      
---------------------------------------------------
packet_collected  channel_packet  -     @9386      
  length          integral        6     'h8        
  addr            integral        2     'h0        
  payload         da(integral)    8     -          
    [0]           integral        8     'hcf       
    [1]           integral        8     'ha1       
    [2]           integral        8     'h9d       
    [3]           integral        8     'h68       
    [4]           integral        8     'h3b       
    [5]           integral        8     'h1d       
    [6]           integral        8     'hfc       
    [7]           integral        8     'haf       
  parity          integral        8     'hce       
  parity_type     parity_e        1     GOOD_PARITY
  packet_delay    integral        32    'd0        
  begin_time      time            64    3750       
  end_time        time            64    4750       
---------------------------------------------------

UVM_INFO ../../yapp/sv/yapp_tx_monitor.sv(41) @ 5650: uvm_test_top.tb.yapp.tx_agent.monitor [yapp_tx_monitor] Packet Collected :
----------------------------------------------------
Name            Type               Size  Value      
----------------------------------------------------
pkt             short_yapp_packet  -     @9187      
  length        integral           6     'h3        
  addr          integral           2     'h1        
  payload       da(integral)       3     -          
    [0]         integral           8     'hb3       
    [1]         integral           8     'he3       
    [2]         integral           8     'h73       
  parity        integral           8     'h2e       
  parity_type   parity_t           1     GOOD_PARITY
  packet_delay  integral           32    'd0        
  begin_time    time               64    5250       
  end_time      time               64    5650       
----------------------------------------------------

UVM_INFO ../../channel/sv/channel_rx_monitor.sv(144) @ 6650: uvm_test_top.tb.chan1.rx_agent.monitor [channel_rx_monitor] Channel_1 Packet collected :
---------------------------------------------------
Name              Type            Size  Value      
---------------------------------------------------
packet_collected  channel_packet  -     @9391      
  length          integral        6     'h3        
  addr            integral        2     'h1        
  payload         da(integral)    3     -          
    [0]           integral        8     'hb3       
    [1]           integral        8     'he3       
    [2]           integral        8     'h73       
  parity          integral        8     'h2e       
  parity_type     parity_e        1     GOOD_PARITY
  packet_delay    integral        32    'd0        
  begin_time      time            64    6150       
  end_time        time            64    6650       
---------------------------------------------------

UVM_INFO ../../yapp/sv/yapp_tx_monitor.sv(41) @ 8450: uvm_test_top.tb.yapp.tx_agent.monitor [yapp_tx_monitor] Packet Collected :
---------------------------------------------------
Name            Type               Size  Value     
---------------------------------------------------
pkt             short_yapp_packet  -     @9242     
  length        integral           6     'ha       
  addr          integral           2     'h2       
  payload       da(integral)       10    -         
    [0]         integral           8     'h36      
    [1]         integral           8     'h91      
    [2]         integral           8     'h74      
    [3]         integral           8     'hd7      
    [4]         integral           8     'h3a      
    [5]         integral           8     'h93      
    [6]         integral           8     'h14      
    [7]         integral           8     'h43      
    [8]         integral           8     'he7      
    [9]         integral           8     'hf9      
  parity        integral           8     'h31      
  parity_type   parity_t           1     BAD_PARITY
  packet_delay  integral           32    'd0       
  begin_time    time               64    7350      
  end_time      time               64    8450      
---------------------------------------------------

*** ROUTER (DUT) Parity Error Identified: Expected:31 Computed:ce ***
UVM_INFO ../../yapp/sv/yapp_tx_seqs.sv(117) @ 8500: uvm_test_top.tb.yapp.tx_agent.sequencer@@router_simple_mcseq.y_seq [yapp_012_seq] Executing yapp_012_seq sequence
UVM_INFO ../../channel/sv/channel_rx_monitor.sv(144) @ 9150: uvm_test_top.tb.chan2.rx_agent.monitor [channel_rx_monitor] Channel_2 Packet collected :
--------------------------------------------------
Name              Type            Size  Value     
--------------------------------------------------
packet_collected  channel_packet  -     @9400     
  length          integral        6     'ha       
  addr            integral        2     'h2       
  payload         da(integral)    10    -         
    [0]           integral        8     'h36      
    [1]           integral        8     'h91      
    [2]           integral        8     'h74      
    [3]           integral        8     'hd7      
    [4]           integral        8     'h3a      
    [5]           integral        8     'h93      
    [6]           integral        8     'h14      
    [7]           integral        8     'h43      
    [8]           integral        8     'he7      
    [9]           integral        8     'hf9      
  parity          integral        8     'h31      
  parity_type     parity_e        1     BAD_PARITY
  packet_delay    integral        32    'd0       
  begin_time      time            64    7950      
  end_time        time            64    9150      
--------------------------------------------------

UVM_INFO ../../yapp/sv/yapp_tx_monitor.sv(41) @ 11250: uvm_test_top.tb.yapp.tx_agent.monitor [yapp_tx_monitor] Packet Collected :
----------------------------------------------------
Name            Type               Size  Value      
----------------------------------------------------
pkt             short_yapp_packet  -     @9126      
  length        integral           6     'h7        
  addr          integral           2     'h0        
  payload       da(integral)       7     -          
    [0]         integral           8     'hf3       
    [1]         integral           8     'h47       
    [2]         integral           8     'h57       
    [3]         integral           8     'had       
    [4]         integral           8     'h8a       
    [5]         integral           8     'hb3       
    [6]         integral           8     'hf2       
  parity        integral           8     'h99       
  parity_type   parity_t           1     GOOD_PARITY
  packet_delay  integral           32    'd0        
  begin_time    time               64    10450      
  end_time      time               64    11250      
----------------------------------------------------

UVM_INFO ../../channel/sv/channel_rx_monitor.sv(144) @ 11850: uvm_test_top.tb.chan0.rx_agent.monitor [channel_rx_monitor] Channel_0 Packet collected :
---------------------------------------------------
Name              Type            Size  Value      
---------------------------------------------------
packet_collected  channel_packet  -     @9156      
  length          integral        6     'h7        
  addr            integral        2     'h0        
  payload         da(integral)    7     -          
    [0]           integral        8     'hf3       
    [1]           integral        8     'h47       
    [2]           integral        8     'h57       
    [3]           integral        8     'had       
    [4]           integral        8     'h8a       
    [5]           integral        8     'hb3       
    [6]           integral        8     'hf2       
  parity          integral        8     'h99       
  parity_type     parity_e        1     GOOD_PARITY
  packet_delay    integral        32    'd0        
  begin_time      time            64    10950      
  end_time        time            64    11850      
---------------------------------------------------

UVM_INFO ../../yapp/sv/yapp_tx_monitor.sv(41) @ 12850: uvm_test_top.tb.yapp.tx_agent.monitor [yapp_tx_monitor] Packet Collected :
----------------------------------------------------
Name            Type               Size  Value      
----------------------------------------------------
pkt             short_yapp_packet  -     @9236      
  length        integral           6     'h7        
  addr          integral           2     'h1        
  payload       da(integral)       7     -          
    [0]         integral           8     'h75       
    [1]         integral           8     'h0        
    [2]         integral           8     'h9c       
    [3]         integral           8     'h60       
    [4]         integral           8     'hd5       
    [5]         integral           8     'h34       
    [6]         integral           8     'hcc       
  parity        integral           8     'hb9       
  parity_type   parity_t           1     GOOD_PARITY
  packet_delay  integral           32    'd0        
  begin_time    time               64    12050      
  end_time      time               64    12850      
----------------------------------------------------

UVM_INFO ../../channel/sv/channel_rx_monitor.sv(144) @ 13350: uvm_test_top.tb.chan1.rx_agent.monitor [channel_rx_monitor] Channel_1 Packet collected :
---------------------------------------------------
Name              Type            Size  Value      
---------------------------------------------------
packet_collected  channel_packet  -     @9217      
  length          integral        6     'h7        
  addr            integral        2     'h1        
  payload         da(integral)    7     -          
    [0]           integral        8     'h75       
    [1]           integral        8     'h0        
    [2]           integral        8     'h9c       
    [3]           integral        8     'h60       
    [4]           integral        8     'hd5       
    [5]           integral        8     'h34       
    [6]           integral        8     'hcc       
  parity          integral        8     'hb9       
  parity_type     parity_e        1     GOOD_PARITY
  packet_delay    integral        32    'd0        
  begin_time      time            64    12450      
  end_time        time            64    13350      
---------------------------------------------------

UVM_INFO ../../yapp/sv/yapp_tx_monitor.sv(41) @ 14150: uvm_test_top.tb.yapp.tx_agent.monitor [yapp_tx_monitor] Packet Collected :
----------------------------------------------------
Name            Type               Size  Value      
----------------------------------------------------
pkt             short_yapp_packet  -     @9175      
  length        integral           6     'h1        
  addr          integral           2     'h2        
  payload       da(integral)       1     -          
    [0]         integral           8     'hfd       
  parity        integral           8     'hfb       
  parity_type   parity_t           1     GOOD_PARITY
  packet_delay  integral           32    'd0        
  begin_time    time               64    13950      
  end_time      time               64    14150      
----------------------------------------------------

UVM_INFO ../../hbus/sv/hbus_master_seqs.sv(215) @ 14200: uvm_test_top.tb.hbus.masters[0].sequencer@@router_simple_mcseq.h_large [hbus_set_default_regs_seq] Executing sequence
UVM_INFO ../../hbus/sv/hbus_master_seqs.sv(133) @ 14200: uvm_test_top.tb.hbus.masters[0].sequencer@@router_simple_mcseq.h_large.hbus_seq [hbus_set_yapp_regs_seq] Executing sequence
UVM_INFO ../../hbus/sv/hbus_if.sv(74) @ 14300: reporter [HBUS_IF] Master writes 3f to 1000
UVM_INFO ../../hbus/sv/hbus_master_driver.sv(67) @ 14300: uvm_test_top.tb.hbus.masters[0].driver [hbus_master_driver] Driving transaction :
----------------------------------------------------------------------------------------------------------------------
Name                           Type                  Size  Value                                                      
----------------------------------------------------------------------------------------------------------------------
transaction                    hbus_transaction      -     @9386                                                      
  haddr                        integral              16    'h1000                                                     
  hdata                        integral              8     'h3f                                                       
  hwr_rd                       hbus_read_write_enum  1     HBUS_WRITE                                                 
  wait_between_cycle           integral              32    'h3                                                        
  begin_time                   time                  64    14300                                                      
  depth                        int                   32    'd4                                                        
  parent sequence (name)       string                8     hbus_seq                                                   
  parent sequence (full name)  string                59    uvm_test_top.tb.mcseqr.router_simple_mcseq.h_large.hbus_seq
  sequencer                    string                41    uvm_test_top.tb.hbus.masters[0].sequencer                  
----------------------------------------------------------------------------------------------------------------------

UVM_INFO ../../hbus/sv/hbus_if.sv(148) @ 14350: reporter [HBUS_IF] Monitor Write Transaction
UVM_INFO ../../hbus/sv/hbus_monitor.sv(101) @ 14350: uvm_test_top.tb.hbus.monitor [hbus_monitor] Collecting Transaction
UVM_INFO ../../hbus/sv/hbus_monitor.sv(109) @ 14450: uvm_test_top.tb.hbus.monitor [hbus_monitor] transaction collected :
------------------------------------------------------------
Name                  Type                  Size  Value     
------------------------------------------------------------
tr_collect            hbus_transaction      -     @9591     
  haddr               integral              16    'h1000    
  hdata               integral              8     'h3f      
  hwr_rd              hbus_read_write_enum  1     HBUS_WRITE
  wait_between_cycle  integral              32    'h0       
  begin_time          time                  64    14350     
  end_time            time                  64    14450     
------------------------------------------------------------

UVM_INFO ../../hbus/sv/hbus_if.sv(74) @ 14500: reporter [HBUS_IF] Master writes 01 to 1001
UVM_INFO ../../hbus/sv/hbus_master_driver.sv(67) @ 14500: uvm_test_top.tb.hbus.masters[0].driver [hbus_master_driver] Driving transaction :
----------------------------------------------------------------------------------------------------------------------
Name                           Type                  Size  Value                                                      
----------------------------------------------------------------------------------------------------------------------
transaction                    hbus_transaction      -     @9204                                                      
  haddr                        integral              16    'h1001                                                     
  hdata                        integral              8     'h1                                                        
  hwr_rd                       hbus_read_write_enum  1     HBUS_WRITE                                                 
  wait_between_cycle           integral              32    'h2                                                        
  begin_time                   time                  64    14500                                                      
  depth                        int                   32    'd4                                                        
  parent sequence (name)       string                8     hbus_seq                                                   
  parent sequence (full name)  string                59    uvm_test_top.tb.mcseqr.router_simple_mcseq.h_large.hbus_seq
  sequencer                    string                41    uvm_test_top.tb.hbus.masters[0].sequencer                  
----------------------------------------------------------------------------------------------------------------------

UVM_INFO ../../hbus/sv/hbus_if.sv(148) @ 14550: reporter [HBUS_IF] Monitor Write Transaction
UVM_INFO ../../hbus/sv/hbus_monitor.sv(101) @ 14550: uvm_test_top.tb.hbus.monitor [hbus_monitor] Collecting Transaction
UVM_INFO ../../yapp/sv/yapp_tx_seqs.sv(226) @ 14600: uvm_test_top.tb.yapp.tx_agent.sequencer@@router_simple_mcseq.six_yapp [six_yapp_seq] Executing six_yapp_seq
UVM_INFO ../../yapp/sv/yapp_tx_seqs.sv(203) @ 14600: uvm_test_top.tb.yapp.tx_agent.sequencer@@router_simple_mcseq.six_yapp.yrs [yapp_rand_seq] Executing yapp_rand_seq 6 times
UVM_INFO ../../hbus/sv/hbus_monitor.sv(109) @ 14650: uvm_test_top.tb.hbus.monitor [hbus_monitor] transaction collected :
------------------------------------------------------------
Name                  Type                  Size  Value     
------------------------------------------------------------
tr_collect            hbus_transaction      -     @9591     
  haddr               integral              16    'h1001    
  hdata               integral              8     'h1       
  hwr_rd              hbus_read_write_enum  1     HBUS_WRITE
  wait_between_cycle  integral              32    'h0       
  begin_time          time                  64    14550     
  end_time            time                  64    14650     
------------------------------------------------------------

UVM_INFO ../../channel/sv/channel_rx_monitor.sv(144) @ 15050: uvm_test_top.tb.chan2.rx_agent.monitor [channel_rx_monitor] Channel_2 Packet collected :
---------------------------------------------------
Name              Type            Size  Value      
---------------------------------------------------
packet_collected  channel_packet  -     @9233      
  length          integral        6     'h1        
  addr            integral        2     'h2        
  payload         da(integral)    1     -          
    [0]           integral        8     'hfd       
  parity          integral        8     'hfb       
  parity_type     parity_e        1     GOOD_PARITY
  packet_delay    integral        32    'd0        
  begin_time      time            64    14750      
  end_time        time            64    15050      
---------------------------------------------------

UVM_INFO ../../yapp/sv/yapp_tx_monitor.sv(41) @ 16950: uvm_test_top.tb.yapp.tx_agent.monitor [yapp_tx_monitor] Packet Collected :
---------------------------------------------------
Name            Type               Size  Value     
---------------------------------------------------
pkt             short_yapp_packet  -     @9305     
  length        integral           6     'h8       
  addr          integral           2     'h1       
  payload       da(integral)       8     -         
    [0]         integral           8     'h55      
    [1]         integral           8     'hb       
    [2]         integral           8     'h41      
    [3]         integral           8     'h7       
    [4]         integral           8     'h33      
    [5]         integral           8     'ha8      
    [6]         integral           8     'hbd      
    [7]         integral           8     'hd0      
  parity        integral           8     'h30      
  parity_type   parity_t           1     BAD_PARITY
  packet_delay  integral           32    'd0       
  begin_time    time               64    16050     
  end_time      time               64    16950     
---------------------------------------------------

*** ROUTER (DUT) Parity Error Identified: Expected:30 Computed:cf ***
UVM_INFO ../../channel/sv/channel_rx_monitor.sv(144) @ 17450: uvm_test_top.tb.chan1.rx_agent.monitor [channel_rx_monitor] Channel_1 Packet collected :
--------------------------------------------------
Name              Type            Size  Value     
--------------------------------------------------
packet_collected  channel_packet  -     @9142     
  length          integral        6     'h8       
  addr            integral        2     'h1       
  payload         da(integral)    8     -         
    [0]           integral        8     'h55      
    [1]           integral        8     'hb       
    [2]           integral        8     'h41      
    [3]           integral        8     'h7       
    [4]           integral        8     'h33      
    [5]           integral        8     'ha8      
    [6]           integral        8     'hbd      
    [7]           integral        8     'hd0      
  parity          integral        8     'h30      
  parity_type     parity_e        1     BAD_PARITY
  packet_delay    integral        32    'd0       
  begin_time      time            64    16450     
  end_time        time            64    17450     
--------------------------------------------------

UVM_INFO ../../yapp/sv/yapp_tx_monitor.sv(41) @ 20450: uvm_test_top.tb.yapp.tx_agent.monitor [yapp_tx_monitor] Packet Collected :
----------------------------------------------------
Name            Type               Size  Value      
----------------------------------------------------
pkt             short_yapp_packet  -     @9066      
  length        integral           6     'hd        
  addr          integral           2     'h2        
  payload       da(integral)       13    -          
    [0]         integral           8     'h90       
    [1]         integral           8     'h93       
    [2]         integral           8     'h91       
    [3]         integral           8     'h84       
    [4]         integral           8     'h64       
    ...         ...                ...   ...        
    [8]         integral           8     'h8d       
    [9]         integral           8     'hf3       
    [10]        integral           8     'hcb       
    [11]        integral           8     'h43       
    [12]        integral           8     'h1f       
  parity        integral           8     'h4b       
  parity_type   parity_t           1     GOOD_PARITY
  packet_delay  integral           32    'd0        
  begin_time    time               64    19050      
  end_time      time               64    20450      
----------------------------------------------------

UVM_INFO ../../channel/sv/channel_rx_monitor.sv(144) @ 21350: uvm_test_top.tb.chan2.rx_agent.monitor [channel_rx_monitor] Channel_2 Packet collected :
---------------------------------------------------
Name              Type            Size  Value      
---------------------------------------------------
packet_collected  channel_packet  -     @9088      
  length          integral        6     'hd        
  addr            integral        2     'h2        
  payload         da(integral)    13    -          
    [0]           integral        8     'h90       
    [1]           integral        8     'h93       
    [2]           integral        8     'h91       
    [3]           integral        8     'h84       
    [4]           integral        8     'h64       
    ...           ...             ...   ...        
    [8]           integral        8     'h8d       
    [9]           integral        8     'hf3       
    [10]          integral        8     'hcb       
    [11]          integral        8     'h43       
    [12]          integral        8     'h1f       
  parity          integral        8     'h4b       
  parity_type     parity_e        1     GOOD_PARITY
  packet_delay    integral        32    'd0        
  begin_time      time            64    19850      
  end_time        time            64    21350      
---------------------------------------------------

UVM_INFO ../../yapp/sv/yapp_tx_monitor.sv(41) @ 21850: uvm_test_top.tb.yapp.tx_agent.monitor [yapp_tx_monitor] Packet Collected :
---------------------------------------------------
Name            Type               Size  Value     
---------------------------------------------------
pkt             short_yapp_packet  -     @9056     
  length        integral           6     'h4       
  addr          integral           2     'h1       
  payload       da(integral)       4     -         
    [0]         integral           8     'h3a      
    [1]         integral           8     'hfe      
    [2]         integral           8     'ha9      
    [3]         integral           8     'he7      
  parity        integral           8     'h64      
  parity_type   parity_t           1     BAD_PARITY
  packet_delay  integral           32    'd0       
  begin_time    time               64    21350     
  end_time      time               64    21850     
---------------------------------------------------

*** ROUTER (DUT) Parity Error Identified: Expected:64 Computed:9b ***
UVM_INFO ../../channel/sv/channel_rx_monitor.sv(144) @ 22850: uvm_test_top.tb.chan1.rx_agent.monitor [channel_rx_monitor] Channel_1 Packet collected :
--------------------------------------------------
Name              Type            Size  Value     
--------------------------------------------------
packet_collected  channel_packet  -     @9060     
  length          integral        6     'h4       
  addr            integral        2     'h1       
  payload         da(integral)    4     -         
    [0]           integral        8     'h3a      
    [1]           integral        8     'hfe      
    [2]           integral        8     'ha9      
    [3]           integral        8     'he7      
  parity          integral        8     'h64      
  parity_type     parity_e        1     BAD_PARITY
  packet_delay    integral        32    'd0       
  begin_time      time            64    22250     
  end_time        time            64    22850     
--------------------------------------------------

UVM_INFO ../../yapp/sv/yapp_tx_monitor.sv(41) @ 23950: uvm_test_top.tb.yapp.tx_agent.monitor [yapp_tx_monitor] Packet Collected :
----------------------------------------------------
Name            Type               Size  Value      
----------------------------------------------------
pkt             short_yapp_packet  -     @9097      
  length        integral           6     'h1        
  addr          integral           2     'h1        
  payload       da(integral)       1     -          
    [0]         integral           8     'h83       
  parity        integral           8     'h86       
  parity_type   parity_t           1     GOOD_PARITY
  packet_delay  integral           32    'd0        
  begin_time    time               64    23750      
  end_time      time               64    23950      
----------------------------------------------------

UVM_INFO ../../channel/sv/channel_rx_monitor.sv(144) @ 24350: uvm_test_top.tb.chan1.rx_agent.monitor [channel_rx_monitor] Channel_1 Packet collected :
---------------------------------------------------
Name              Type            Size  Value      
---------------------------------------------------
packet_collected  channel_packet  -     @9400      
  length          integral        6     'h1        
  addr            integral        2     'h1        
  payload         da(integral)    1     -          
    [0]           integral        8     'h83       
  parity          integral        8     'h86       
  parity_type     parity_e        1     GOOD_PARITY
  packet_delay    integral        32    'd0        
  begin_time      time            64    24050      
  end_time        time            64    24350      
---------------------------------------------------

UVM_INFO ../../yapp/sv/yapp_tx_monitor.sv(41) @ 26450: uvm_test_top.tb.yapp.tx_agent.monitor [yapp_tx_monitor] Packet Collected :
----------------------------------------------------
Name            Type               Size  Value      
----------------------------------------------------
pkt             short_yapp_packet  -     @9116      
  length        integral           6     'h3        
  addr          integral           2     'h1        
  payload       da(integral)       3     -          
    [0]         integral           8     'h93       
    [1]         integral           8     'h9e       
    [2]         integral           8     'hc6       
  parity        integral           8     'hc6       
  parity_type   parity_t           1     GOOD_PARITY
  packet_delay  integral           32    'd0        
  begin_time    time               64    26050      
  end_time      time               64    26450      
----------------------------------------------------

UVM_INFO ../../channel/sv/channel_rx_monitor.sv(144) @ 26850: uvm_test_top.tb.chan1.rx_agent.monitor [channel_rx_monitor] Channel_1 Packet collected :
---------------------------------------------------
Name              Type            Size  Value      
---------------------------------------------------
packet_collected  channel_packet  -     @9111      
  length          integral        6     'h3        
  addr            integral        2     'h1        
  payload         da(integral)    3     -          
    [0]           integral        8     'h93       
    [1]           integral        8     'h9e       
    [2]           integral        8     'hc6       
  parity          integral        8     'hc6       
  parity_type     parity_e        1     GOOD_PARITY
  packet_delay    integral        32    'd0        
  begin_time      time            64    26350      
  end_time        time            64    26850      
---------------------------------------------------

UVM_INFO ../../yapp/sv/yapp_tx_monitor.sv(41) @ 28850: uvm_test_top.tb.yapp.tx_agent.monitor [yapp_tx_monitor] Packet Collected :
----------------------------------------------------
Name            Type               Size  Value      
----------------------------------------------------
pkt             short_yapp_packet  -     @9151      
  length        integral           6     'hc        
  addr          integral           2     'h1        
  payload       da(integral)       12    -          
    [0]         integral           8     'h54       
    [1]         integral           8     'h1e       
    [2]         integral           8     'he6       
    [3]         integral           8     'hc3       
    [4]         integral           8     'ha5       
    ...         ...                ...   ...        
    [7]         integral           8     'h73       
    [8]         integral           8     'hd7       
    [9]         integral           8     'h16       
    [10]        integral           8     'hda       
    [11]        integral           8     'h8c       
  parity        integral           8     'hda       
  parity_type   parity_t           1     GOOD_PARITY
  packet_delay  integral           32    'd0        
  begin_time    time               64    27550      
  end_time      time               64    28850      
----------------------------------------------------

UVM_INFO router_mcseqs_lib.sv(66) @ 28900: uvm_test_top.tb.mcseqr@@router_simple_mcseq [router_simple_mcseq] Finished router_simple_mcseq body
UVM_INFO router_mcseqs_lib.sv(44) @ 28900: uvm_test_top.tb.mcseqr@@router_simple_mcseq [router_simple_mcseq] drop objection
UVM_INFO ../../channel/sv/channel_rx_monitor.sv(144) @ 29750: uvm_test_top.tb.chan1.rx_agent.monitor [channel_rx_monitor] Channel_1 Packet collected :
---------------------------------------------------
Name              Type            Size  Value      
---------------------------------------------------
packet_collected  channel_packet  -     @9214      
  length          integral        6     'hc        
  addr            integral        2     'h1        
  payload         da(integral)    12    -          
    [0]           integral        8     'h54       
    [1]           integral        8     'h1e       
    [2]           integral        8     'he6       
    [3]           integral        8     'hc3       
    [4]           integral        8     'ha5       
    ...           ...             ...   ...        
    [7]           integral        8     'h73       
    [8]           integral        8     'hd7       
    [9]           integral        8     'h16       
    [10]          integral        8     'hda       
    [11]          integral        8     'h8c       
  parity          integral        8     'hda       
  parity_type     parity_e        1     GOOD_PARITY
  packet_delay    integral        32    'd0        
  begin_time      time            64    28350      
  end_time        time            64    29750      
---------------------------------------------------

UVM_INFO /tools/cadence/XCELIUM/24.09.011/tools/methodology/UVM/CDNS-1.1d/sv/src/base/uvm_objection.svh(1268) @ 30900: reporter [TEST_DONE] 'run' phase is ready to proceed to the 'extract' phase
UVM_INFO ../../channel/sv/channel_rx_driver.sv(94) @ 30900: uvm_test_top.tb.chan0.rx_agent.driver [channel_rx_driver] Report: Channel_0 RX Driver Sent 2 Responses
UVM_INFO ../../channel/sv/channel_rx_monitor.sv(157) @ 30900: uvm_test_top.tb.chan0.rx_agent.monitor [channel_rx_monitor] Report: Channel_0 Monitor Collected 2 Packets
UVM_INFO ../../channel/sv/channel_rx_driver.sv(94) @ 30900: uvm_test_top.tb.chan1.rx_agent.driver [channel_rx_driver] Report: Channel_1 RX Driver Sent 7 Responses
UVM_INFO ../../channel/sv/channel_rx_monitor.sv(157) @ 30900: uvm_test_top.tb.chan1.rx_agent.monitor [channel_rx_monitor] Report: Channel_1 Monitor Collected 7 Packets
UVM_INFO ../../channel/sv/channel_rx_driver.sv(94) @ 30900: uvm_test_top.tb.chan2.rx_agent.driver [channel_rx_driver] Report: Channel_2 RX Driver Sent 3 Responses
UVM_INFO ../../channel/sv/channel_rx_monitor.sv(157) @ 30900: uvm_test_top.tb.chan2.rx_agent.monitor [channel_rx_monitor] Report: Channel_2 Monitor Collected 3 Packets
UVM_INFO ../../hbus/sv/hbus_monitor.sv(132) @ 30900: uvm_test_top.tb.hbus.monitor [hbus_monitor] Report: HBUS Monitor Collected 4 WRITE and 1 READ Transactions
UVM_INFO ../../yapp/sv/yapp_tx_driver.sv(75) @ 30900: uvm_test_top.tb.yapp.tx_agent.driver [yapp_tx_driver] Report: YAPP TX driver sent 12 packets
UVM_INFO ../../yapp/sv/yapp_tx_monitor.sv(48) @ 30900: uvm_test_top.tb.yapp.tx_agent.monitor [yapp_tx_monitor] Report: YAPP Monitor Collected 12 Packets

--- UVM Report catcher Summary ---


Number of demoted UVM_FATAL reports  :    0
Number of demoted UVM_ERROR reports  :    0
Number of demoted UVM_WARNING reports:    0
Number of caught UVM_FATAL reports   :    0
Number of caught UVM_ERROR reports   :    0
Number of caught UVM_WARNING reports :    0

--- UVM Report Summary ---

** Report counts by severity
UVM_INFO :   97
UVM_WARNING :    0
UVM_ERROR :    0
UVM_FATAL :    0
** Report counts by id
[HBUS_IF]    11
[NOCOV]     3
[RNTST]     1
[TEST_DONE]     1
[UVMTOP]     1
[channel_rx_driver]     6
[channel_rx_monitor]    21
[channel_rx_resp_seq]     3
[clk10_rst5_seq]     1
[clock_and_reset_sequence]     1
[hbus_master_driver]     6
[hbus_monitor]    13
[hbus_read_max_pkt_seq]     1
[hbus_set_default_regs_seq]     1
[hbus_set_yapp_regs_seq]     2
[hbus_small_packet_seq]     1
[router_simple_mcseq]     4
[six_yapp_seq]     1
[yapp_012_seq]     2
[yapp_rand_seq]     1
[yapp_tx_driver]     2
[yapp_tx_monitor]    14
Simulation complete via $finish(1) at time 3090 NS + 46
/tools/cadence/XCELIUM/24.09.011/tools/methodology/UVM/CDNS-1.1d/sv/src/base/uvm_root.svh:457     $finish;
xcelium> exit
TOOL:	xrun(64)	24.09-s011: Exiting on Oct 26, 2025 at 07:58:47 UTC  (total: 00:00:05)
