xrun(64): 24.09-s011: (c) Copyright 1995-2025 Cadence Design Systems, Inc.
TOOL:	xrun(64)	24.09-s011: Started on Oct 21, 2025 at 14:02:44 UTC
xrun
	-f run.f
		-64
		-uvmhome /tools/cadence/XCELIUM/24.09.011/tools/methodology/UVM/CDNS-1.1d
		-incdir ../sv
		../sv/yapp_pkg.sv
		top.sv
		+UVM_TESTNAME=exhaustive_seq_test
		+UVM_VERBOSITY=UVM_LOW
	-gui
	-access rwc

   User defined plus("+") options:
	+UVM_VERBOSITY=UVM_LOW

Recompiling... reason: file '../sv/yapp_tx_seqs.sv' is newer than expected.
	expected: Tue Oct 21 13:52:46 2025
	actual:   Tue Oct 21 14:02:39 2025
Compiling UVM packages (uvm_pkg.sv cdns_uvm_pkg.sv) using uvmhome location /tools/cadence/XCELIUM/24.09.011/tools/methodology/UVM/CDNS-1.1d
file: ../sv/yapp_pkg.sv
  endfunction: yapp_tx_sequencer
                               |
xmvlog: *W,LBLMAT (../sv/yapp_tx_sequencer.sv,10|31): Label/name mismatch: start_of_simulation_phase - yapp_tx_sequencer.
(`include file: ../sv/yapp_tx_sequencer.sv line 10, file: ../sv/yapp_pkg.sv line 8)
package yapp_pkg;
               |
xmvlog: *W,TSNSPK (../sv/yapp_pkg.sv,1|15): `timescale is not specified for the package.  The default timescale of 1ns/1ns will be assumed for this package.
	package worklib.yapp_pkg:sv
		errors: 0, warnings: 2
file: top.sv
endclass:incr_payload_test
                         |
xmvlog: *W,LBLMAT (router_test_lib.sv,91|25): Label/name mismatch: exhaustive_seq_test - incr_payload_test.
	module worklib.top:sv
		errors: 0, warnings: 1
		Caching library 'worklib' ....... Done
	Elaborating the design hierarchy:
	Top level design units:
		uvm_pkg
		cdns_uvmapi
		cdns_assert2uvm_pkg
		cdns_uvm_pkg
		yapp_pkg
		top
	Building instance overlay tables: .................... Done
	Generating native compiled code:
		worklib.top:sv <0x503ec422>
			streams: 124, words: 83037
		worklib.yapp_pkg:sv <0x2f37cd9b>
			streams: 652, words: 757056
	Building instance specific data structures.
	Loading native compiled code:     .................... Done
	Design hierarchy summary:
		                        Instances  Unique
		Modules:                        1       1
		Verilog packages:               5       5
		Registers:                 14,381  10,452
		Named events:                   4      12
		Initial blocks:               322     168
		Parallel blocks:               26      27
		Assertions:                     2       2
		SV Class declarations:        212     326
		SV Class specializations:     404     404
	Writing initial simulation snapshot: worklib.top:sv
xmsim: *W,NOMTDGUI: Multi-Threaded Dumping is disabled for interactive debug mode.
SVSEED default: 1

-------------------------------------
Relinquished control to SimVision...
xcelium> 
xcelium> source /tools/cadence/XCELIUM/24.09.011/tools/xcelium/files/xmsimrc
xcelium> source /tools/cadence/XCELIUM/24.09.011/tools/methodology/UVM/CDNS-1.1d/additions/sv/files/tcl/uvm_sim.tcl
xcelium> run
----------------------------------------------------------------
CDNS-UVM-1.1d (24.09-s011)
(C) 2007-2013 Mentor Graphics Corporation
(C) 2007-2013 Cadence Design Systems, Inc.
(C) 2006-2013 Synopsys, Inc.
(C) 2011-2013 Cypress Semiconductor Corp.
----------------------------------------------------------------

  ***********       IMPORTANT RELEASE NOTES         ************

  You are using a version of the UVM library that has been compiled
  with `UVM_NO_DEPRECATED undefined.
  See http://www.eda.org/svdb/view.php?id=3313 for more details.

  You are using a version of the UVM library that has been compiled
  with `UVM_OBJECT_MUST_HAVE_CONSTRUCTOR undefined.
  See http://www.eda.org/svdb/view.php?id=3770 for more details.

      (Specify +UVM_NO_RELNOTES to turn off this notice)

UVM_INFO @ 0: reporter [RNTST] Running test exhaustive_seq_test...
UVM_INFO @ 0: reporter [UVMTOP] UVM testbench topology:
-----------------------------------------------------------------------
Name                          Type                     Size  Value     
-----------------------------------------------------------------------
uvm_test_top                  exhaustive_seq_test      -     @2416     
  tb                          router_tb                -     @2504     
    yapp                      yapp_env                 -     @2536     
      tx_agent                yapp_tx_agent            -     @2567     
        driver                yapp_tx_driver           -     @3272     
          rsp_port            uvm_analysis_port        -     @3370     
            recording_detail  integral                 32    'd1       
          seq_item_port       uvm_seq_item_pull_port   -     @3321     
            recording_detail  integral                 32    'd1       
          recording_detail    integral                 32    'd1       
        monitor               yapp_tx_monitor          -     @19       
          recording_detail    integral                 32    'd1       
        sequencer             yapp_tx_sequencer        -     @2597     
          rsp_export          uvm_analysis_export      -     @2692     
            recording_detail  integral                 32    'd1       
          seq_item_export     uvm_seq_item_pull_imp    -     @3242     
            recording_detail  integral                 32    'd1       
          recording_detail    integral                 32    'd1       
          arbitration_queue   array                    0     -         
          lock_queue          array                    0     -         
          num_last_reqs       integral                 32    'd1       
          num_last_rsps       integral                 32    'd1       
        is_active             uvm_active_passive_enum  1     UVM_ACTIVE
        recording_detail      integral                 32    'd1       
      recording_detail        integral                 32    'd1       
    recording_detail          integral                 32    'd1       
-----------------------------------------------------------------------

stop -create -name Randomize -randomize
Created stop Randomize

SDI/Verilog Transaction Recording Facility Version 24.09-s011
UVM_INFO ../sv/yapp_tx_monitor.sv(9) @ 0: uvm_test_top.tb.yapp.tx_agent.monitor [yapp_tx_monitor] Inside the monitor
UVM_INFO ../sv/yapp_tx_seqs.sv(254) @ 0: uvm_test_top.tb.yapp.tx_agent.sequencer@@yapp_exhaustive_seq [yapp_exhaustive_seq] Executing yapp_exhaustive_seq sequence
UVM_INFO ../sv/yapp_tx_seqs.sv(117) @ 0: uvm_test_top.tb.yapp.tx_agent.sequencer@@yapp_exhaustive_seq.y012 [yapp_012_seq] Executing yapp_012_seq sequence
UVM_INFO ../sv/yapp_tx_driver.sv(22) @ 0: uvm_test_top.tb.yapp.tx_agent.driver [yapp_tx_driver] Input Packet to send:
------------------------------------------------------------------------------------------------------------------------
Name                           Type               Size  Value                                                           
------------------------------------------------------------------------------------------------------------------------
req                            short_yapp_packet  -     @3466                                                           
  length                       integral           6     'h3                                                             
  addr                         integral           2     'h0                                                             
  payload                      da(integral)       3     -                                                               
    [0]                        integral           8     'h92                                                            
    [1]                        integral           8     'h21                                                            
    [2]                        integral           8     'hef                                                            
  parity                       integral           8     'haf                                                            
  parity_type                  parity_t           1     BAD_PARITY                                                      
  packet_delay                 integral           32    'd13                                                            
  begin_time                   time               64    0                                                               
  depth                        int                32    'd3                                                             
  parent sequence (name)       string             4     y012                                                            
  parent sequence (full name)  string             64    uvm_test_top.tb.yapp.tx_agent.sequencer.yapp_exhaustive_seq.y012
  sequencer                    string             39    uvm_test_top.tb.yapp.tx_agent.sequencer                         
------------------------------------------------------------------------------------------------------------------------

UVM_INFO ../sv/yapp_tx_driver.sv(22) @ 10: uvm_test_top.tb.yapp.tx_agent.driver [yapp_tx_driver] Input Packet to send:
------------------------------------------------------------------------------------------------------------------------
Name                           Type               Size  Value                                                           
------------------------------------------------------------------------------------------------------------------------
req                            short_yapp_packet  -     @3569                                                           
  length                       integral           6     'h4                                                             
  addr                         integral           2     'h1                                                             
  payload                      da(integral)       4     -                                                               
    [0]                        integral           8     'hd3                                                            
    [1]                        integral           8     'hf6                                                            
    [2]                        integral           8     'h7d                                                            
    [3]                        integral           8     'h32                                                            
  parity                       integral           8     'h7b                                                            
  parity_type                  parity_t           1     GOOD_PARITY                                                     
  packet_delay                 integral           32    'd17                                                            
  begin_time                   time               64    10                                                              
  depth                        int                32    'd3                                                             
  parent sequence (name)       string             4     y012                                                            
  parent sequence (full name)  string             64    uvm_test_top.tb.yapp.tx_agent.sequencer.yapp_exhaustive_seq.y012
  sequencer                    string             39    uvm_test_top.tb.yapp.tx_agent.sequencer                         
------------------------------------------------------------------------------------------------------------------------

UVM_INFO ../sv/yapp_tx_driver.sv(22) @ 20: uvm_test_top.tb.yapp.tx_agent.driver [yapp_tx_driver] Input Packet to send:
------------------------------------------------------------------------------------------------------------------------
Name                           Type               Size  Value                                                           
------------------------------------------------------------------------------------------------------------------------
req                            short_yapp_packet  -     @3579                                                           
  length                       integral           6     'h8                                                             
  addr                         integral           2     'h2                                                             
  payload                      da(integral)       8     -                                                               
    [0]                        integral           8     'h81                                                            
    [1]                        integral           8     'hf8                                                            
    [2]                        integral           8     'h5e                                                            
    [3]                        integral           8     'h5                                                             
    [4]                        integral           8     'h2d                                                            
    [5]                        integral           8     'h74                                                            
    [6]                        integral           8     'h11                                                            
    [7]                        integral           8     'h3c                                                            
  parity                       integral           8     'h74                                                            
  parity_type                  parity_t           1     GOOD_PARITY                                                     
  packet_delay                 integral           32    'd19                                                            
  begin_time                   time               64    20                                                              
  depth                        int                32    'd3                                                             
  parent sequence (name)       string             4     y012                                                            
  parent sequence (full name)  string             64    uvm_test_top.tb.yapp.tx_agent.sequencer.yapp_exhaustive_seq.y012
  sequencer                    string             39    uvm_test_top.tb.yapp.tx_agent.sequencer                         
------------------------------------------------------------------------------------------------------------------------

UVM_INFO ../sv/yapp_tx_seqs.sv(98) @ 30: uvm_test_top.tb.yapp.tx_agent.sequencer@@yapp_exhaustive_seq.y1 [yapp_1_seq] Executing yapp_1_seq sequence
UVM_INFO ../sv/yapp_tx_driver.sv(22) @ 30: uvm_test_top.tb.yapp.tx_agent.driver [yapp_tx_driver] Input Packet to send:
----------------------------------------------------------------------------------------------------------------------
Name                           Type               Size  Value                                                         
----------------------------------------------------------------------------------------------------------------------
req                            short_yapp_packet  -     @3493                                                         
  length                       integral           6     'h5                                                           
  addr                         integral           2     'h1                                                           
  payload                      da(integral)       5     -                                                             
    [0]                        integral           8     'h31                                                          
    [1]                        integral           8     'h69                                                          
    [2]                        integral           8     'h66                                                          
    [3]                        integral           8     'h93                                                          
    [4]                        integral           8     'h35                                                          
  parity                       integral           8     'h8d                                                          
  parity_type                  parity_t           1     GOOD_PARITY                                                   
  packet_delay                 integral           32    'd14                                                          
  begin_time                   time               64    30                                                            
  depth                        int                32    'd3                                                           
  parent sequence (name)       string             2     y1                                                            
  parent sequence (full name)  string             62    uvm_test_top.tb.yapp.tx_agent.sequencer.yapp_exhaustive_seq.y1
  sequencer                    string             39    uvm_test_top.tb.yapp.tx_agent.sequencer                       
----------------------------------------------------------------------------------------------------------------------

UVM_INFO ../sv/yapp_tx_seqs.sv(137) @ 40: uvm_test_top.tb.yapp.tx_agent.sequencer@@yapp_exhaustive_seq.y111 [yapp_111_seq] Executing yapp_111_seq sequence
UVM_INFO ../sv/yapp_tx_seqs.sv(98) @ 40: uvm_test_top.tb.yapp.tx_agent.sequencer@@yapp_exhaustive_seq.y111.addr_1_seq [yapp_1_seq] Executing yapp_1_seq sequence
UVM_INFO ../sv/yapp_tx_driver.sv(22) @ 40: uvm_test_top.tb.yapp.tx_agent.driver [yapp_tx_driver] Input Packet to send:
-----------------------------------------------------------------------------------------------------------------------------------
Name                           Type               Size  Value                                                                      
-----------------------------------------------------------------------------------------------------------------------------------
req                            short_yapp_packet  -     @3442                                                                      
  length                       integral           6     'hd                                                                        
  addr                         integral           2     'h1                                                                        
  payload                      da(integral)       13    -                                                                          
    [0]                        integral           8     'h1c                                                                       
    [1]                        integral           8     'hb0                                                                       
    [2]                        integral           8     'h7c                                                                       
    [3]                        integral           8     'h80                                                                       
    [4]                        integral           8     'h75                                                                       
    ...                        ...                ...   ...                                                                        
    [8]                        integral           8     'h67                                                                       
    [9]                        integral           8     'h59                                                                       
    [10]                       integral           8     'h73                                                                       
    [11]                       integral           8     'h51                                                                       
    [12]                       integral           8     'h21                                                                       
  parity                       integral           8     'hde                                                                       
  parity_type                  parity_t           1     GOOD_PARITY                                                                
  packet_delay                 integral           32    'd17                                                                       
  begin_time                   time               64    40                                                                         
  depth                        int                32    'd4                                                                        
  parent sequence (name)       string             10    addr_1_seq                                                                 
  parent sequence (full name)  string             75    uvm_test_top.tb.yapp.tx_agent.sequencer.yapp_exhaustive_seq.y111.addr_1_seq
  sequencer                    string             39    uvm_test_top.tb.yapp.tx_agent.sequencer                                    
-----------------------------------------------------------------------------------------------------------------------------------

UVM_INFO ../sv/yapp_tx_seqs.sv(98) @ 50: uvm_test_top.tb.yapp.tx_agent.sequencer@@yapp_exhaustive_seq.y111.addr_1_seq [yapp_1_seq] Executing yapp_1_seq sequence
UVM_INFO ../sv/yapp_tx_driver.sv(22) @ 50: uvm_test_top.tb.yapp.tx_agent.driver [yapp_tx_driver] Input Packet to send:
-----------------------------------------------------------------------------------------------------------------------------------
Name                           Type               Size  Value                                                                      
-----------------------------------------------------------------------------------------------------------------------------------
req                            short_yapp_packet  -     @3651                                                                      
  length                       integral           6     'h9                                                                        
  addr                         integral           2     'h1                                                                        
  payload                      da(integral)       9     -                                                                          
    [0]                        integral           8     'ha                                                                        
    [1]                        integral           8     'hab                                                                       
    [2]                        integral           8     'h35                                                                       
    [3]                        integral           8     'h9d                                                                       
    [4]                        integral           8     'hfa                                                                       
    [5]                        integral           8     'h8e                                                                       
    [6]                        integral           8     'hc1                                                                       
    [7]                        integral           8     'h4a                                                                       
    [8]                        integral           8     'heb                                                                       
  parity                       integral           8     'h38                                                                       
  parity_type                  parity_t           1     GOOD_PARITY                                                                
  packet_delay                 integral           32    'd7                                                                        
  begin_time                   time               64    50                                                                         
  depth                        int                32    'd4                                                                        
  parent sequence (name)       string             10    addr_1_seq                                                                 
  parent sequence (full name)  string             75    uvm_test_top.tb.yapp.tx_agent.sequencer.yapp_exhaustive_seq.y111.addr_1_seq
  sequencer                    string             39    uvm_test_top.tb.yapp.tx_agent.sequencer                                    
-----------------------------------------------------------------------------------------------------------------------------------

UVM_INFO ../sv/yapp_tx_seqs.sv(98) @ 60: uvm_test_top.tb.yapp.tx_agent.sequencer@@yapp_exhaustive_seq.y111.addr_1_seq [yapp_1_seq] Executing yapp_1_seq sequence
UVM_INFO ../sv/yapp_tx_driver.sv(22) @ 60: uvm_test_top.tb.yapp.tx_agent.driver [yapp_tx_driver] Input Packet to send:
-----------------------------------------------------------------------------------------------------------------------------------
Name                           Type               Size  Value                                                                      
-----------------------------------------------------------------------------------------------------------------------------------
req                            short_yapp_packet  -     @3555                                                                      
  length                       integral           6     'h3                                                                        
  addr                         integral           2     'h1                                                                        
  payload                      da(integral)       3     -                                                                          
    [0]                        integral           8     'h87                                                                       
    [1]                        integral           8     'heb                                                                       
    [2]                        integral           8     'h7e                                                                       
  parity                       integral           8     'h1f                                                                       
  parity_type                  parity_t           1     GOOD_PARITY                                                                
  packet_delay                 integral           32    'd14                                                                       
  begin_time                   time               64    60                                                                         
  depth                        int                32    'd4                                                                        
  parent sequence (name)       string             10    addr_1_seq                                                                 
  parent sequence (full name)  string             75    uvm_test_top.tb.yapp.tx_agent.sequencer.yapp_exhaustive_seq.y111.addr_1_seq
  sequencer                    string             39    uvm_test_top.tb.yapp.tx_agent.sequencer                                    
-----------------------------------------------------------------------------------------------------------------------------------

UVM_INFO ../sv/yapp_tx_seqs.sv(159) @ 70: uvm_test_top.tb.yapp.tx_agent.sequencer@@yapp_exhaustive_seq.yaddr [yapp_repeat_addr_seq] Executing yapp_repeat_addr_seq sequence
UVM_INFO ../sv/yapp_tx_driver.sv(22) @ 70: uvm_test_top.tb.yapp.tx_agent.driver [yapp_tx_driver] Input Packet to send:
-------------------------------------------------------------------------------------------------------------------------
Name                           Type               Size  Value                                                            
-------------------------------------------------------------------------------------------------------------------------
req                            short_yapp_packet  -     @3635                                                            
  length                       integral           6     'hc                                                              
  addr                         integral           2     'h2                                                              
  payload                      da(integral)       12    -                                                                
    [0]                        integral           8     'h64                                                             
    [1]                        integral           8     'he0                                                             
    [2]                        integral           8     'ha9                                                             
    [3]                        integral           8     'h90                                                             
    [4]                        integral           8     'h1a                                                             
    ...                        ...                ...   ...                                                              
    [7]                        integral           8     'h6e                                                             
    [8]                        integral           8     'h3c                                                             
    [9]                        integral           8     'hdc                                                             
    [10]                       integral           8     'h3a                                                             
    [11]                       integral           8     'h72                                                             
  parity                       integral           8     'h3b                                                             
  parity_type                  parity_t           1     GOOD_PARITY                                                      
  packet_delay                 integral           32    'd18                                                             
  begin_time                   time               64    70                                                               
  depth                        int                32    'd3                                                              
  parent sequence (name)       string             5     yaddr                                                            
  parent sequence (full name)  string             65    uvm_test_top.tb.yapp.tx_agent.sequencer.yapp_exhaustive_seq.yaddr
  sequencer                    string             39    uvm_test_top.tb.yapp.tx_agent.sequencer                          
-------------------------------------------------------------------------------------------------------------------------

UVM_INFO ../sv/yapp_tx_driver.sv(22) @ 80: uvm_test_top.tb.yapp.tx_agent.driver [yapp_tx_driver] Input Packet to send:
-------------------------------------------------------------------------------------------------------------------------
Name                           Type               Size  Value                                                            
-------------------------------------------------------------------------------------------------------------------------
req                            short_yapp_packet  -     @3678                                                            
  length                       integral           6     'h3                                                              
  addr                         integral           2     'h2                                                              
  payload                      da(integral)       3     -                                                                
    [0]                        integral           8     'h59                                                             
    [1]                        integral           8     'h1f                                                             
    [2]                        integral           8     'hf7                                                             
  parity                       integral           8     'hbf                                                             
  parity_type                  parity_t           1     GOOD_PARITY                                                      
  packet_delay                 integral           32    'd7                                                              
  begin_time                   time               64    80                                                               
  depth                        int                32    'd3                                                              
  parent sequence (name)       string             5     yaddr                                                            
  parent sequence (full name)  string             65    uvm_test_top.tb.yapp.tx_agent.sequencer.yapp_exhaustive_seq.yaddr
  sequencer                    string             39    uvm_test_top.tb.yapp.tx_agent.sequencer                          
-------------------------------------------------------------------------------------------------------------------------

UVM_INFO ../sv/yapp_tx_seqs.sv(179) @ 90: uvm_test_top.tb.yapp.tx_agent.sequencer@@yapp_exhaustive_seq.yinc [yapp_incr_payload_seq] Executing yapp_incr_payload_seq sequence
UVM_INFO ../sv/yapp_tx_driver.sv(22) @ 90: uvm_test_top.tb.yapp.tx_agent.driver [yapp_tx_driver] Input Packet to send:
------------------------------------------------------------------------------------------------------------------------
Name                           Type               Size  Value                                                           
------------------------------------------------------------------------------------------------------------------------
req                            short_yapp_packet  -     @3660                                                           
  length                       integral           6     'h2                                                             
  addr                         integral           2     'h2                                                             
  payload                      da(integral)       2     -                                                               
    [0]                        integral           8     'h0                                                             
    [1]                        integral           8     'h1                                                             
  parity                       integral           8     'hb                                                             
  parity_type                  parity_t           1     GOOD_PARITY                                                     
  packet_delay                 integral           32    'd9                                                             
  begin_time                   time               64    90                                                              
  depth                        int                32    'd3                                                             
  parent sequence (name)       string             4     yinc                                                            
  parent sequence (full name)  string             64    uvm_test_top.tb.yapp.tx_agent.sequencer.yapp_exhaustive_seq.yinc
  sequencer                    string             39    uvm_test_top.tb.yapp.tx_agent.sequencer                         
------------------------------------------------------------------------------------------------------------------------

UVM_INFO ../sv/yapp_tx_seqs.sv(203) @ 100: uvm_test_top.tb.yapp.tx_agent.sequencer@@yapp_exhaustive_seq.yrs [yapp_rand_seq] Executing yapp_rand_seq 9 times
UVM_INFO ../sv/yapp_tx_driver.sv(22) @ 100: uvm_test_top.tb.yapp.tx_agent.driver [yapp_tx_driver] Input Packet to send:
-----------------------------------------------------------------------------------------------------------------------
Name                           Type               Size  Value                                                          
-----------------------------------------------------------------------------------------------------------------------
req                            short_yapp_packet  -     @3647                                                          
  length                       integral           6     'h9                                                            
  addr                         integral           2     'h1                                                            
  payload                      da(integral)       9     -                                                              
    [0]                        integral           8     'hd7                                                           
    [1]                        integral           8     'h28                                                           
    [2]                        integral           8     'ha8                                                           
    [3]                        integral           8     'hf9                                                           
    [4]                        integral           8     'hee                                                           
    [5]                        integral           8     'hc2                                                           
    [6]                        integral           8     'h6c                                                           
    [7]                        integral           8     'hcc                                                           
    [8]                        integral           8     'h2c                                                           
  parity                       integral           8     'hd4                                                           
  parity_type                  parity_t           1     BAD_PARITY                                                     
  packet_delay                 integral           32    'd3                                                            
  begin_time                   time               64    100                                                            
  depth                        int                32    'd3                                                            
  parent sequence (name)       string             3     yrs                                                            
  parent sequence (full name)  string             63    uvm_test_top.tb.yapp.tx_agent.sequencer.yapp_exhaustive_seq.yrs
  sequencer                    string             39    uvm_test_top.tb.yapp.tx_agent.sequencer                        
-----------------------------------------------------------------------------------------------------------------------

UVM_INFO ../sv/yapp_tx_driver.sv(22) @ 110: uvm_test_top.tb.yapp.tx_agent.driver [yapp_tx_driver] Input Packet to send:
-----------------------------------------------------------------------------------------------------------------------
Name                           Type               Size  Value                                                          
-----------------------------------------------------------------------------------------------------------------------
req                            short_yapp_packet  -     @3728                                                          
  length                       integral           6     'he                                                            
  addr                         integral           2     'h1                                                            
  payload                      da(integral)       14    -                                                              
    [0]                        integral           8     'h4e                                                           
    [1]                        integral           8     'hc6                                                           
    [2]                        integral           8     'h29                                                           
    [3]                        integral           8     'hb2                                                           
    [4]                        integral           8     'hf9                                                           
    ...                        ...                ...   ...                                                            
    [9]                        integral           8     'h83                                                           
    [10]                       integral           8     'hb0                                                           
    [11]                       integral           8     'hd8                                                           
    [12]                       integral           8     'h87                                                           
    [13]                       integral           8     'hdf                                                           
  parity                       integral           8     'hbb                                                           
  parity_type                  parity_t           1     GOOD_PARITY                                                    
  packet_delay                 integral           32    'd9                                                            
  begin_time                   time               64    110                                                            
  depth                        int                32    'd3                                                            
  parent sequence (name)       string             3     yrs                                                            
  parent sequence (full name)  string             63    uvm_test_top.tb.yapp.tx_agent.sequencer.yapp_exhaustive_seq.yrs
  sequencer                    string             39    uvm_test_top.tb.yapp.tx_agent.sequencer                        
-----------------------------------------------------------------------------------------------------------------------

UVM_INFO ../sv/yapp_tx_driver.sv(22) @ 120: uvm_test_top.tb.yapp.tx_agent.driver [yapp_tx_driver] Input Packet to send:
-----------------------------------------------------------------------------------------------------------------------
Name                           Type               Size  Value                                                          
-----------------------------------------------------------------------------------------------------------------------
req                            short_yapp_packet  -     @3711                                                          
  length                       integral           6     'h9                                                            
  addr                         integral           2     'h2                                                            
  payload                      da(integral)       9     -                                                              
    [0]                        integral           8     'h21                                                           
    [1]                        integral           8     'h18                                                           
    [2]                        integral           8     'h46                                                           
    [3]                        integral           8     'h26                                                           
    [4]                        integral           8     'h1e                                                           
    [5]                        integral           8     'h10                                                           
    [6]                        integral           8     'h82                                                           
    [7]                        integral           8     'h98                                                           
    [8]                        integral           8     'he3                                                           
  parity                       integral           8     'h88                                                           
  parity_type                  parity_t           1     GOOD_PARITY                                                    
  packet_delay                 integral           32    'd7                                                            
  begin_time                   time               64    120                                                            
  depth                        int                32    'd3                                                            
  parent sequence (name)       string             3     yrs                                                            
  parent sequence (full name)  string             63    uvm_test_top.tb.yapp.tx_agent.sequencer.yapp_exhaustive_seq.yrs
  sequencer                    string             39    uvm_test_top.tb.yapp.tx_agent.sequencer                        
-----------------------------------------------------------------------------------------------------------------------

UVM_INFO ../sv/yapp_tx_driver.sv(22) @ 130: uvm_test_top.tb.yapp.tx_agent.driver [yapp_tx_driver] Input Packet to send:
-----------------------------------------------------------------------------------------------------------------------
Name                           Type               Size  Value                                                          
-----------------------------------------------------------------------------------------------------------------------
req                            short_yapp_packet  -     @3723                                                          
  length                       integral           6     'h1                                                            
  addr                         integral           2     'h0                                                            
  payload                      da(integral)       1     -                                                              
    [0]                        integral           8     'h60                                                           
  parity                       integral           8     'h64                                                           
  parity_type                  parity_t           1     GOOD_PARITY                                                    
  packet_delay                 integral           32    'd5                                                            
  begin_time                   time               64    130                                                            
  depth                        int                32    'd3                                                            
  parent sequence (name)       string             3     yrs                                                            
  parent sequence (full name)  string             63    uvm_test_top.tb.yapp.tx_agent.sequencer.yapp_exhaustive_seq.yrs
  sequencer                    string             39    uvm_test_top.tb.yapp.tx_agent.sequencer                        
-----------------------------------------------------------------------------------------------------------------------

UVM_INFO ../sv/yapp_tx_driver.sv(22) @ 140: uvm_test_top.tb.yapp.tx_agent.driver [yapp_tx_driver] Input Packet to send:
-----------------------------------------------------------------------------------------------------------------------
Name                           Type               Size  Value                                                          
-----------------------------------------------------------------------------------------------------------------------
req                            short_yapp_packet  -     @3691                                                          
  length                       integral           6     'hb                                                            
  addr                         integral           2     'h1                                                            
  payload                      da(integral)       11    -                                                              
    [0]                        integral           8     'h88                                                           
    [1]                        integral           8     'heb                                                           
    [2]                        integral           8     'hd1                                                           
    [3]                        integral           8     'h74                                                           
    [4]                        integral           8     'h7d                                                           
    ...                        ...                ...   ...                                                            
    [6]                        integral           8     'h1a                                                           
    [7]                        integral           8     'h3b                                                           
    [8]                        integral           8     'hf9                                                           
    [9]                        integral           8     'h92                                                           
    [10]                       integral           8     'h5f                                                           
  parity                       integral           8     'h82                                                           
  parity_type                  parity_t           1     GOOD_PARITY                                                    
  packet_delay                 integral           32    'd18                                                           
  begin_time                   time               64    140                                                            
  depth                        int                32    'd3                                                            
  parent sequence (name)       string             3     yrs                                                            
  parent sequence (full name)  string             63    uvm_test_top.tb.yapp.tx_agent.sequencer.yapp_exhaustive_seq.yrs
  sequencer                    string             39    uvm_test_top.tb.yapp.tx_agent.sequencer                        
-----------------------------------------------------------------------------------------------------------------------

UVM_INFO ../sv/yapp_tx_driver.sv(22) @ 150: uvm_test_top.tb.yapp.tx_agent.driver [yapp_tx_driver] Input Packet to send:
-----------------------------------------------------------------------------------------------------------------------
Name                           Type               Size  Value                                                          
-----------------------------------------------------------------------------------------------------------------------
req                            short_yapp_packet  -     @3624                                                          
  length                       integral           6     'hd                                                            
  addr                         integral           2     'h2                                                            
  payload                      da(integral)       13    -                                                              
    [0]                        integral           8     'h74                                                           
    [1]                        integral           8     'hc7                                                           
    [2]                        integral           8     'h7d                                                           
    [3]                        integral           8     'h75                                                           
    [4]                        integral           8     'h93                                                           
    ...                        ...                ...   ...                                                            
    [8]                        integral           8     'hef                                                           
    [9]                        integral           8     'hdd                                                           
    [10]                       integral           8     'h30                                                           
    [11]                       integral           8     'he5                                                           
    [12]                       integral           8     'h5a                                                           
  parity                       integral           8     'hf7                                                           
  parity_type                  parity_t           1     GOOD_PARITY                                                    
  packet_delay                 integral           32    'd18                                                           
  begin_time                   time               64    150                                                            
  depth                        int                32    'd3                                                            
  parent sequence (name)       string             3     yrs                                                            
  parent sequence (full name)  string             63    uvm_test_top.tb.yapp.tx_agent.sequencer.yapp_exhaustive_seq.yrs
  sequencer                    string             39    uvm_test_top.tb.yapp.tx_agent.sequencer                        
-----------------------------------------------------------------------------------------------------------------------

UVM_INFO ../sv/yapp_tx_driver.sv(22) @ 160: uvm_test_top.tb.yapp.tx_agent.driver [yapp_tx_driver] Input Packet to send:
-----------------------------------------------------------------------------------------------------------------------
Name                           Type               Size  Value                                                          
-----------------------------------------------------------------------------------------------------------------------
req                            short_yapp_packet  -     @3627                                                          
  length                       integral           6     'h8                                                            
  addr                         integral           2     'h0                                                            
  payload                      da(integral)       8     -                                                              
    [0]                        integral           8     'hca                                                           
    [1]                        integral           8     'hf                                                            
    [2]                        integral           8     'h2c                                                           
    [3]                        integral           8     'h42                                                           
    [4]                        integral           8     'h33                                                           
    [5]                        integral           8     'h2f                                                           
    [6]                        integral           8     'h40                                                           
    [7]                        integral           8     'h2a                                                           
  parity                       integral           8     'hfd                                                           
  parity_type                  parity_t           1     GOOD_PARITY                                                    
  packet_delay                 integral           32    'd16                                                           
  begin_time                   time               64    160                                                            
  depth                        int                32    'd3                                                            
  parent sequence (name)       string             3     yrs                                                            
  parent sequence (full name)  string             63    uvm_test_top.tb.yapp.tx_agent.sequencer.yapp_exhaustive_seq.yrs
  sequencer                    string             39    uvm_test_top.tb.yapp.tx_agent.sequencer                        
-----------------------------------------------------------------------------------------------------------------------

UVM_INFO ../sv/yapp_tx_driver.sv(22) @ 170: uvm_test_top.tb.yapp.tx_agent.driver [yapp_tx_driver] Input Packet to send:
-----------------------------------------------------------------------------------------------------------------------
Name                           Type               Size  Value                                                          
-----------------------------------------------------------------------------------------------------------------------
req                            short_yapp_packet  -     @3714                                                          
  length                       integral           6     'ha                                                            
  addr                         integral           2     'h1                                                            
  payload                      da(integral)       10    -                                                              
    [0]                        integral           8     'he6                                                           
    [1]                        integral           8     'h4a                                                           
    [2]                        integral           8     'h67                                                           
    [3]                        integral           8     'h28                                                           
    [4]                        integral           8     'h26                                                           
    [5]                        integral           8     'hd4                                                           
    [6]                        integral           8     'h3c                                                           
    [7]                        integral           8     'hb6                                                           
    [8]                        integral           8     'h3d                                                           
    [9]                        integral           8     'had                                                           
  parity                       integral           8     'h22                                                           
  parity_type                  parity_t           1     GOOD_PARITY                                                    
  packet_delay                 integral           32    'd13                                                           
  begin_time                   time               64    170                                                            
  depth                        int                32    'd3                                                            
  parent sequence (name)       string             3     yrs                                                            
  parent sequence (full name)  string             63    uvm_test_top.tb.yapp.tx_agent.sequencer.yapp_exhaustive_seq.yrs
  sequencer                    string             39    uvm_test_top.tb.yapp.tx_agent.sequencer                        
-----------------------------------------------------------------------------------------------------------------------

UVM_INFO ../sv/yapp_tx_driver.sv(22) @ 180: uvm_test_top.tb.yapp.tx_agent.driver [yapp_tx_driver] Input Packet to send:
-----------------------------------------------------------------------------------------------------------------------
Name                           Type               Size  Value                                                          
-----------------------------------------------------------------------------------------------------------------------
req                            short_yapp_packet  -     @3753                                                          
  length                       integral           6     'h5                                                            
  addr                         integral           2     'h0                                                            
  payload                      da(integral)       5     -                                                              
    [0]                        integral           8     'hcc                                                           
    [1]                        integral           8     'ha5                                                           
    [2]                        integral           8     'h6a                                                           
    [3]                        integral           8     'h33                                                           
    [4]                        integral           8     'hf0                                                           
  parity                       integral           8     'h2b                                                           
  parity_type                  parity_t           1     BAD_PARITY                                                     
  packet_delay                 integral           32    'd15                                                           
  begin_time                   time               64    180                                                            
  depth                        int                32    'd3                                                            
  parent sequence (name)       string             3     yrs                                                            
  parent sequence (full name)  string             63    uvm_test_top.tb.yapp.tx_agent.sequencer.yapp_exhaustive_seq.yrs
  sequencer                    string             39    uvm_test_top.tb.yapp.tx_agent.sequencer                        
-----------------------------------------------------------------------------------------------------------------------

UVM_INFO ../sv/yapp_tx_seqs.sv(226) @ 190: uvm_test_top.tb.yapp.tx_agent.sequencer@@yapp_exhaustive_seq.sys [six_yapp_seq] Executing six_yapp_seq
UVM_INFO ../sv/yapp_tx_seqs.sv(203) @ 190: uvm_test_top.tb.yapp.tx_agent.sequencer@@yapp_exhaustive_seq.sys.yrs [yapp_rand_seq] Executing yapp_rand_seq 6 times
UVM_INFO ../sv/yapp_tx_driver.sv(22) @ 190: uvm_test_top.tb.yapp.tx_agent.driver [yapp_tx_driver] Input Packet to send:
---------------------------------------------------------------------------------------------------------------------------
Name                           Type               Size  Value                                                              
---------------------------------------------------------------------------------------------------------------------------
req                            short_yapp_packet  -     @3726                                                              
  length                       integral           6     'hb                                                                
  addr                         integral           2     'h0                                                                
  payload                      da(integral)       11    -                                                                  
    [0]                        integral           8     'hcc                                                               
    [1]                        integral           8     'h2b                                                               
    [2]                        integral           8     'hd4                                                               
    [3]                        integral           8     'h53                                                               
    [4]                        integral           8     'heb                                                               
    ...                        ...                ...   ...                                                                
    [6]                        integral           8     'h4d                                                               
    [7]                        integral           8     'hec                                                               
    [8]                        integral           8     'hf8                                                               
    [9]                        integral           8     'h23                                                               
    [10]                       integral           8     'hf5                                                               
  parity                       integral           8     'h73                                                               
  parity_type                  parity_t           1     GOOD_PARITY                                                        
  packet_delay                 integral           32    'd9                                                                
  begin_time                   time               64    190                                                                
  depth                        int                32    'd4                                                                
  parent sequence (name)       string             3     yrs                                                                
  parent sequence (full name)  string             67    uvm_test_top.tb.yapp.tx_agent.sequencer.yapp_exhaustive_seq.sys.yrs
  sequencer                    string             39    uvm_test_top.tb.yapp.tx_agent.sequencer                            
---------------------------------------------------------------------------------------------------------------------------

UVM_INFO ../sv/yapp_tx_driver.sv(22) @ 200: uvm_test_top.tb.yapp.tx_agent.driver [yapp_tx_driver] Input Packet to send:
---------------------------------------------------------------------------------------------------------------------------
Name                           Type               Size  Value                                                              
---------------------------------------------------------------------------------------------------------------------------
req                            short_yapp_packet  -     @3622                                                              
  length                       integral           6     'h2                                                                
  addr                         integral           2     'h2                                                                
  payload                      da(integral)       2     -                                                                  
    [0]                        integral           8     'h79                                                               
    [1]                        integral           8     'ha6                                                               
  parity                       integral           8     'hd5                                                               
  parity_type                  parity_t           1     GOOD_PARITY                                                        
  packet_delay                 integral           32    'd12                                                               
  begin_time                   time               64    200                                                                
  depth                        int                32    'd4                                                                
  parent sequence (name)       string             3     yrs                                                                
  parent sequence (full name)  string             67    uvm_test_top.tb.yapp.tx_agent.sequencer.yapp_exhaustive_seq.sys.yrs
  sequencer                    string             39    uvm_test_top.tb.yapp.tx_agent.sequencer                            
---------------------------------------------------------------------------------------------------------------------------

UVM_INFO ../sv/yapp_tx_driver.sv(22) @ 210: uvm_test_top.tb.yapp.tx_agent.driver [yapp_tx_driver] Input Packet to send:
---------------------------------------------------------------------------------------------------------------------------
Name                           Type               Size  Value                                                              
---------------------------------------------------------------------------------------------------------------------------
req                            short_yapp_packet  -     @3764                                                              
  length                       integral           6     'hd                                                                
  addr                         integral           2     'h1                                                                
  payload                      da(integral)       13    -                                                                  
    [0]                        integral           8     'hbb                                                               
    [1]                        integral           8     'h2                                                                
    [2]                        integral           8     'h42                                                               
    [3]                        integral           8     'h52                                                               
    [4]                        integral           8     'h60                                                               
    ...                        ...                ...   ...                                                                
    [8]                        integral           8     'h70                                                               
    [9]                        integral           8     'h44                                                               
    [10]                       integral           8     'h44                                                               
    [11]                       integral           8     'hf7                                                               
    [12]                       integral           8     'h7c                                                               
  parity                       integral           8     'ha9                                                               
  parity_type                  parity_t           1     BAD_PARITY                                                         
  packet_delay                 integral           32    'd15                                                               
  begin_time                   time               64    210                                                                
  depth                        int                32    'd4                                                                
  parent sequence (name)       string             3     yrs                                                                
  parent sequence (full name)  string             67    uvm_test_top.tb.yapp.tx_agent.sequencer.yapp_exhaustive_seq.sys.yrs
  sequencer                    string             39    uvm_test_top.tb.yapp.tx_agent.sequencer                            
---------------------------------------------------------------------------------------------------------------------------

UVM_INFO ../sv/yapp_tx_driver.sv(22) @ 220: uvm_test_top.tb.yapp.tx_agent.driver [yapp_tx_driver] Input Packet to send:
---------------------------------------------------------------------------------------------------------------------------
Name                           Type               Size  Value                                                              
---------------------------------------------------------------------------------------------------------------------------
req                            short_yapp_packet  -     @3763                                                              
  length                       integral           6     'h1                                                                
  addr                         integral           2     'h2                                                                
  payload                      da(integral)       1     -                                                                  
    [0]                        integral           8     'hb2                                                               
  parity                       integral           8     'hb4                                                               
  parity_type                  parity_t           1     GOOD_PARITY                                                        
  packet_delay                 integral           32    'd2                                                                
  begin_time                   time               64    220                                                                
  depth                        int                32    'd4                                                                
  parent sequence (name)       string             3     yrs                                                                
  parent sequence (full name)  string             67    uvm_test_top.tb.yapp.tx_agent.sequencer.yapp_exhaustive_seq.sys.yrs
  sequencer                    string             39    uvm_test_top.tb.yapp.tx_agent.sequencer                            
---------------------------------------------------------------------------------------------------------------------------

UVM_INFO ../sv/yapp_tx_driver.sv(22) @ 230: uvm_test_top.tb.yapp.tx_agent.driver [yapp_tx_driver] Input Packet to send:
---------------------------------------------------------------------------------------------------------------------------
Name                           Type               Size  Value                                                              
---------------------------------------------------------------------------------------------------------------------------
req                            short_yapp_packet  -     @3704                                                              
  length                       integral           6     'hc                                                                
  addr                         integral           2     'h2                                                                
  payload                      da(integral)       12    -                                                                  
    [0]                        integral           8     'h2                                                                
    [1]                        integral           8     'h6c                                                               
    [2]                        integral           8     'hb3                                                               
    [3]                        integral           8     'h2d                                                               
    [4]                        integral           8     'h33                                                               
    ...                        ...                ...   ...                                                                
    [7]                        integral           8     'h8e                                                               
    [8]                        integral           8     'h71                                                               
    [9]                        integral           8     'h4                                                                
    [10]                       integral           8     'hfd                                                               
    [11]                       integral           8     'h65                                                               
  parity                       integral           8     'he7                                                               
  parity_type                  parity_t           1     GOOD_PARITY                                                        
  packet_delay                 integral           32    'd16                                                               
  begin_time                   time               64    230                                                                
  depth                        int                32    'd4                                                                
  parent sequence (name)       string             3     yrs                                                                
  parent sequence (full name)  string             67    uvm_test_top.tb.yapp.tx_agent.sequencer.yapp_exhaustive_seq.sys.yrs
  sequencer                    string             39    uvm_test_top.tb.yapp.tx_agent.sequencer                            
---------------------------------------------------------------------------------------------------------------------------

UVM_INFO ../sv/yapp_tx_driver.sv(22) @ 240: uvm_test_top.tb.yapp.tx_agent.driver [yapp_tx_driver] Input Packet to send:
---------------------------------------------------------------------------------------------------------------------------
Name                           Type               Size  Value                                                              
---------------------------------------------------------------------------------------------------------------------------
req                            short_yapp_packet  -     @3445                                                              
  length                       integral           6     'h4                                                                
  addr                         integral           2     'h0                                                                
  payload                      da(integral)       4     -                                                                  
    [0]                        integral           8     'hb5                                                               
    [1]                        integral           8     'h42                                                               
    [2]                        integral           8     'h45                                                               
    [3]                        integral           8     'h5a                                                               
  parity                       integral           8     'hf8                                                               
  parity_type                  parity_t           1     GOOD_PARITY                                                        
  packet_delay                 integral           32    'd3                                                                
  begin_time                   time               64    240                                                                
  depth                        int                32    'd4                                                                
  parent sequence (name)       string             3     yrs                                                                
  parent sequence (full name)  string             67    uvm_test_top.tb.yapp.tx_agent.sequencer.yapp_exhaustive_seq.sys.yrs
  sequencer                    string             39    uvm_test_top.tb.yapp.tx_agent.sequencer                            
---------------------------------------------------------------------------------------------------------------------------

UVM_INFO /tools/cadence/XCELIUM/24.09.011/tools/methodology/UVM/CDNS-1.1d/sv/src/base/uvm_objection.svh(1268) @ 250: reporter [TEST_DONE] 'run' phase is ready to proceed to the 'extract' phase

--- UVM Report catcher Summary ---


Number of demoted UVM_FATAL reports  :    0
Number of demoted UVM_ERROR reports  :    0
Number of demoted UVM_WARNING reports:    0
Number of caught UVM_FATAL reports   :    0
Number of caught UVM_ERROR reports   :    0
Number of caught UVM_WARNING reports :    0

--- UVM Report Summary ---

** Report counts by severity
UVM_INFO :   41
UVM_WARNING :    0
UVM_ERROR :    0
UVM_FATAL :    0
** Report counts by id
[RNTST]     1
[TEST_DONE]     1
[UVMTOP]     1
[six_yapp_seq]     1
[yapp_012_seq]     1
[yapp_111_seq]     1
[yapp_1_seq]     4
[yapp_exhaustive_seq]     1
[yapp_incr_payload_seq]     1
[yapp_rand_seq]     2
[yapp_repeat_addr_seq]     1
[yapp_tx_driver]    25
[yapp_tx_monitor]     1
Simulation complete via $finish(1) at time 250 NS + 57
/tools/cadence/XCELIUM/24.09.011/tools/methodology/UVM/CDNS-1.1d/sv/src/base/uvm_root.svh:457     $finish;
xcelium> run
xmsim: *E,RNFNSH: Cannot continue simulation due to a previous $finish.
xcelium> ^C
xcelium> exit
TOOL:	xrun(64)	24.09-s011: Exiting on Oct 22, 2025 at 09:12:45 UTC  (total: 19:10:01)
