xrun(64): 24.09-s011: (c) Copyright 1995-2025 Cadence Design Systems, Inc.
TOOL:	xrun(64)	24.09-s011: Started on Oct 15, 2025 at 11:20:26 UTC
xrun
	-f run.f
		-64
		-uvmhome /tools/cadence/XCELIUM/24.09.011/tools/methodology/UVM/CDNS-1.1d
		-incdir ../sv
		../sv/yapp_pkg.sv
		top.sv
		+UVM_TESTNAME=base_test
		+UVM_VERBOSITY=UVM_LOW
	+SVSEED=random

   User defined plus("+") options:
	+UVM_VERBOSITY=UVM_LOW

Loading snapshot worklib.top:sv .................... Done
SVSEED set randomly from command line: 1581653287
xcelium> source /tools/cadence/XCELIUM/24.09.011/tools/xcelium/files/xmsimrc
xcelium> source /tools/cadence/XCELIUM/24.09.011/tools/methodology/UVM/CDNS-1.1d/additions/sv/files/tcl/uvm_sim.tcl
xcelium> run
----------------------------------------------------------------
CDNS-UVM-1.1d (24.09-s011)
(C) 2007-2013 Mentor Graphics Corporation
(C) 2007-2013 Cadence Design Systems, Inc.
(C) 2006-2013 Synopsys, Inc.
(C) 2011-2013 Cypress Semiconductor Corp.
----------------------------------------------------------------

  ***********       IMPORTANT RELEASE NOTES         ************

  You are using a version of the UVM library that has been compiled
  with `UVM_NO_DEPRECATED undefined.
  See http://www.eda.org/svdb/view.php?id=3313 for more details.

  You are using a version of the UVM library that has been compiled
  with `UVM_OBJECT_MUST_HAVE_CONSTRUCTOR undefined.
  See http://www.eda.org/svdb/view.php?id=3770 for more details.

      (Specify +UVM_NO_RELNOTES to turn off this notice)

UVM_INFO @ 0: reporter [RNTST] Running test base_test...
UVM_INFO @ 0: reporter [UVMTOP] UVM testbench topology:
----------------------------------------------------------------------
Name                         Type                     Size  Value     
----------------------------------------------------------------------
uvm_test_top                 base_test                -     @2374     
  tb                         router_tb                -     @2436     
    yapp                     yapp_env                 -     @2476     
      tx_agent               yapp_tx_agent            -     @2508     
        driver               yapp_tx_driver           -     @3211     
          rsp_port           uvm_analysis_port        -     @3309     
          seq_item_port      uvm_seq_item_pull_port   -     @3260     
        monitor              yapp_tx_monitor          -     @2543     
        sequencer            yapp_tx_sequencer        -     @2540     
          rsp_export         uvm_analysis_export      -     @2631     
          seq_item_export    uvm_seq_item_pull_imp    -     @3181     
          arbitration_queue  array                    0     -         
          lock_queue         array                    0     -         
          num_last_reqs      integral                 32    'd1       
          num_last_rsps      integral                 32    'd1       
        is_active            uvm_active_passive_enum  1     UVM_ACTIVE
----------------------------------------------------------------------

UVM_INFO ../sv/yapp_tx_monitor.sv(9) @ 0: uvm_test_top.tb.yapp.tx_agent.monitor [yapp_tx_monitor] Inside the monitor
UVM_INFO ../sv/yapp_tx_seqs.sv(81) @ 0: uvm_test_top.tb.yapp.tx_agent.sequencer@@yapp_5_packets [yapp_5_packets] Executing yapp_5_packets sequence
UVM_INFO ../sv/yapp_tx_driver.sv(22) @ 0: uvm_test_top.tb.yapp.tx_agent.driver [yapp_tx_driver] Input Packet to send:
---------------------------------------------------------------------------------------------------------
Name                           Type          Size  Value                                                 
---------------------------------------------------------------------------------------------------------
req                            yapp_packet   -     @3379                                                 
  length                       integral      6     'h3d                                                  
  addr                         integral      2     'h2                                                   
  payload                      da(integral)  61    -                                                     
    [0]                        integral      8     'h9e                                                  
    [1]                        integral      8     'h6                                                   
    [2]                        integral      8     'h2c                                                  
    [3]                        integral      8     'h97                                                  
    [4]                        integral      8     'h13                                                  
    ...                        ...           ...   ...                                                   
    [56]                       integral      8     'h98                                                  
    [57]                       integral      8     'h5e                                                  
    [58]                       integral      8     'h15                                                  
    [59]                       integral      8     'hed                                                  
    [60]                       integral      8     'hd2                                                  
  parity                       integral      8     'h39                                                  
  parity_type                  parity_t      1     BAD_PARITY                                            
  packet_delay                 integral      32    'd14                                                  
  begin_time                   time          64    0                                                     
  depth                        int           32    'd2                                                   
  parent sequence (name)       string        14    yapp_5_packets                                        
  parent sequence (full name)  string        54    uvm_test_top.tb.yapp.tx_agent.sequencer.yapp_5_packets
  sequencer                    string        39    uvm_test_top.tb.yapp.tx_agent.sequencer               
---------------------------------------------------------------------------------------------------------

UVM_INFO ../sv/yapp_tx_driver.sv(22) @ 10: uvm_test_top.tb.yapp.tx_agent.driver [yapp_tx_driver] Input Packet to send:
---------------------------------------------------------------------------------------------------------
Name                           Type          Size  Value                                                 
---------------------------------------------------------------------------------------------------------
req                            yapp_packet   -     @3523                                                 
  length                       integral      6     'h3e                                                  
  addr                         integral      2     'h0                                                   
  payload                      da(integral)  62    -                                                     
    [0]                        integral      8     'h35                                                  
    [1]                        integral      8     'hb2                                                  
    [2]                        integral      8     'h4a                                                  
    [3]                        integral      8     'h5c                                                  
    [4]                        integral      8     'hcb                                                  
    ...                        ...           ...   ...                                                   
    [57]                       integral      8     'he1                                                  
    [58]                       integral      8     'h3e                                                  
    [59]                       integral      8     'h92                                                  
    [60]                       integral      8     'h33                                                  
    [61]                       integral      8     'h69                                                  
  parity                       integral      8     'h5                                                   
  parity_type                  parity_t      1     GOOD_PARITY                                           
  packet_delay                 integral      32    'd12                                                  
  begin_time                   time          64    10                                                    
  depth                        int           32    'd2                                                   
  parent sequence (name)       string        14    yapp_5_packets                                        
  parent sequence (full name)  string        54    uvm_test_top.tb.yapp.tx_agent.sequencer.yapp_5_packets
  sequencer                    string        39    uvm_test_top.tb.yapp.tx_agent.sequencer               
---------------------------------------------------------------------------------------------------------

UVM_INFO ../sv/yapp_tx_driver.sv(22) @ 20: uvm_test_top.tb.yapp.tx_agent.driver [yapp_tx_driver] Input Packet to send:
---------------------------------------------------------------------------------------------------------
Name                           Type          Size  Value                                                 
---------------------------------------------------------------------------------------------------------
req                            yapp_packet   -     @3539                                                 
  length                       integral      6     'h1c                                                  
  addr                         integral      2     'h1                                                   
  payload                      da(integral)  28    -                                                     
    [0]                        integral      8     'h1c                                                  
    [1]                        integral      8     'h51                                                  
    [2]                        integral      8     'h26                                                  
    [3]                        integral      8     'h6f                                                  
    [4]                        integral      8     'hb7                                                  
    ...                        ...           ...   ...                                                   
    [23]                       integral      8     'hd1                                                  
    [24]                       integral      8     'hfb                                                  
    [25]                       integral      8     'h2d                                                  
    [26]                       integral      8     'hb5                                                  
    [27]                       integral      8     'hde                                                  
  parity                       integral      8     'h2d                                                  
  parity_type                  parity_t      1     BAD_PARITY                                            
  packet_delay                 integral      32    'd13                                                  
  begin_time                   time          64    20                                                    
  depth                        int           32    'd2                                                   
  parent sequence (name)       string        14    yapp_5_packets                                        
  parent sequence (full name)  string        54    uvm_test_top.tb.yapp.tx_agent.sequencer.yapp_5_packets
  sequencer                    string        39    uvm_test_top.tb.yapp.tx_agent.sequencer               
---------------------------------------------------------------------------------------------------------

UVM_INFO ../sv/yapp_tx_driver.sv(22) @ 30: uvm_test_top.tb.yapp.tx_agent.driver [yapp_tx_driver] Input Packet to send:
---------------------------------------------------------------------------------------------------------
Name                           Type          Size  Value                                                 
---------------------------------------------------------------------------------------------------------
req                            yapp_packet   -     @3493                                                 
  length                       integral      6     'h36                                                  
  addr                         integral      2     'h2                                                   
  payload                      da(integral)  54    -                                                     
    [0]                        integral      8     'had                                                  
    [1]                        integral      8     'h21                                                  
    [2]                        integral      8     'h7c                                                  
    [3]                        integral      8     'h21                                                  
    [4]                        integral      8     'hbd                                                  
    ...                        ...           ...   ...                                                   
    [49]                       integral      8     'h25                                                  
    [50]                       integral      8     'h17                                                  
    [51]                       integral      8     'h6e                                                  
    [52]                       integral      8     'hb9                                                  
    [53]                       integral      8     'h4                                                   
  parity                       integral      8     'hda                                                  
  parity_type                  parity_t      1     GOOD_PARITY                                           
  packet_delay                 integral      32    'd2                                                   
  begin_time                   time          64    30                                                    
  depth                        int           32    'd2                                                   
  parent sequence (name)       string        14    yapp_5_packets                                        
  parent sequence (full name)  string        54    uvm_test_top.tb.yapp.tx_agent.sequencer.yapp_5_packets
  sequencer                    string        39    uvm_test_top.tb.yapp.tx_agent.sequencer               
---------------------------------------------------------------------------------------------------------

UVM_INFO ../sv/yapp_tx_driver.sv(22) @ 40: uvm_test_top.tb.yapp.tx_agent.driver [yapp_tx_driver] Input Packet to send:
---------------------------------------------------------------------------------------------------------
Name                           Type          Size  Value                                                 
---------------------------------------------------------------------------------------------------------
req                            yapp_packet   -     @3459                                                 
  length                       integral      6     'hc                                                   
  addr                         integral      2     'h0                                                   
  payload                      da(integral)  12    -                                                     
    [0]                        integral      8     'h81                                                  
    [1]                        integral      8     'ha3                                                  
    [2]                        integral      8     'h36                                                  
    [3]                        integral      8     'h66                                                  
    [4]                        integral      8     'h6f                                                  
    ...                        ...           ...   ...                                                   
    [7]                        integral      8     'h19                                                  
    [8]                        integral      8     'hc2                                                  
    [9]                        integral      8     'h93                                                  
    [10]                       integral      8     'h8b                                                  
    [11]                       integral      8     'heb                                                  
  parity                       integral      8     'hf3                                                  
  parity_type                  parity_t      1     GOOD_PARITY                                           
  packet_delay                 integral      32    'd10                                                  
  begin_time                   time          64    40                                                    
  depth                        int           32    'd2                                                   
  parent sequence (name)       string        14    yapp_5_packets                                        
  parent sequence (full name)  string        54    uvm_test_top.tb.yapp.tx_agent.sequencer.yapp_5_packets
  sequencer                    string        39    uvm_test_top.tb.yapp.tx_agent.sequencer               
---------------------------------------------------------------------------------------------------------

UVM_INFO /tools/cadence/XCELIUM/24.09.011/tools/methodology/UVM/CDNS-1.1d/sv/src/base/uvm_objection.svh(1268) @ 50: reporter [TEST_DONE] 'run' phase is ready to proceed to the 'extract' phase

--- UVM Report catcher Summary ---


Number of demoted UVM_FATAL reports  :    0
Number of demoted UVM_ERROR reports  :    0
Number of demoted UVM_WARNING reports:    0
Number of caught UVM_FATAL reports   :    0
Number of caught UVM_ERROR reports   :    0
Number of caught UVM_WARNING reports :    0

--- UVM Report Summary ---

** Report counts by severity
UVM_INFO :   10
UVM_WARNING :    0
UVM_ERROR :    0
UVM_FATAL :    0
** Report counts by id
[RNTST]     1
[TEST_DONE]     1
[UVMTOP]     1
[yapp_5_packets]     1
[yapp_tx_driver]     5
[yapp_tx_monitor]     1
Simulation complete via $finish(1) at time 50 NS + 49
/tools/cadence/XCELIUM/24.09.011/tools/methodology/UVM/CDNS-1.1d/sv/src/base/uvm_root.svh:457     $finish;
xcelium> exit
TOOL:	xrun(64)	24.09-s011: Exiting on Oct 15, 2025 at 11:20:27 UTC  (total: 00:00:01)
