xrun(64): 24.09-s011: (c) Copyright 1995-2025 Cadence Design Systems, Inc.
TOOL:	xrun(64)	24.09-s011: Started on Oct 19, 2025 at 09:42:55 UTC
xrun
	-f run.f
		-64
		-uvmhome /tools/cadence/XCELIUM/24.09.011/tools/methodology/UVM/CDNS-1.1d
		-incdir ../sv
		../sv/yapp_pkg.sv
		top.sv
		+UVM_TESTNAME=short_packet_test
		+UVM_VERBOSITY=UVM_LOW

   User defined plus("+") options:
	+UVM_VERBOSITY=UVM_LOW

Loading snapshot worklib.top:sv .................... Done
SVSEED default: 1
xcelium> source /tools/cadence/XCELIUM/24.09.011/tools/xcelium/files/xmsimrc
xcelium> source /tools/cadence/XCELIUM/24.09.011/tools/methodology/UVM/CDNS-1.1d/additions/sv/files/tcl/uvm_sim.tcl
xcelium> run
----------------------------------------------------------------
CDNS-UVM-1.1d (24.09-s011)
(C) 2007-2013 Mentor Graphics Corporation
(C) 2007-2013 Cadence Design Systems, Inc.
(C) 2006-2013 Synopsys, Inc.
(C) 2011-2013 Cypress Semiconductor Corp.
----------------------------------------------------------------

  ***********       IMPORTANT RELEASE NOTES         ************

  You are using a version of the UVM library that has been compiled
  with `UVM_NO_DEPRECATED undefined.
  See http://www.eda.org/svdb/view.php?id=3313 for more details.

  You are using a version of the UVM library that has been compiled
  with `UVM_OBJECT_MUST_HAVE_CONSTRUCTOR undefined.
  See http://www.eda.org/svdb/view.php?id=3770 for more details.

      (Specify +UVM_NO_RELNOTES to turn off this notice)

UVM_INFO @ 0: reporter [RNTST] Running test short_packet_test...
UVM_INFO @ 0: reporter [UVMTOP] UVM testbench topology:
-----------------------------------------------------------------------
Name                          Type                     Size  Value     
-----------------------------------------------------------------------
uvm_test_top                  short_packet_test        -     @2382     
  tb                          router_tb                -     @2470     
    yapp                      yapp_env                 -     @2502     
      tx_agent                yapp_tx_agent            -     @2533     
        driver                yapp_tx_driver           -     @3238     
          rsp_port            uvm_analysis_port        -     @3336     
            recording_detail  integral                 32    'd1       
          seq_item_port       uvm_seq_item_pull_port   -     @3287     
            recording_detail  integral                 32    'd1       
          recording_detail    integral                 32    'd1       
        monitor               yapp_tx_monitor          -     @19       
          recording_detail    integral                 32    'd1       
        sequencer             yapp_tx_sequencer        -     @2563     
          rsp_export          uvm_analysis_export      -     @2658     
            recording_detail  integral                 32    'd1       
          seq_item_export     uvm_seq_item_pull_imp    -     @3208     
            recording_detail  integral                 32    'd1       
          recording_detail    integral                 32    'd1       
          arbitration_queue   array                    0     -         
          lock_queue          array                    0     -         
          num_last_reqs       integral                 32    'd1       
          num_last_rsps       integral                 32    'd1       
        is_active             uvm_active_passive_enum  1     UVM_ACTIVE
        recording_detail      integral                 32    'd1       
      recording_detail        integral                 32    'd1       
    recording_detail          integral                 32    'd1       
-----------------------------------------------------------------------

SDI/Verilog Transaction Recording Facility Version 24.09-s011
UVM_INFO ../sv/yapp_tx_monitor.sv(9) @ 0: uvm_test_top.tb.yapp.tx_agent.monitor [yapp_tx_monitor] Inside the monitor
UVM_INFO ../sv/yapp_tx_seqs.sv(81) @ 0: uvm_test_top.tb.yapp.tx_agent.sequencer@@yapp_5_packets [yapp_5_packets] Executing yapp_5_packets sequence
UVM_INFO ../sv/yapp_tx_driver.sv(22) @ 0: uvm_test_top.tb.yapp.tx_agent.driver [yapp_tx_driver] Input Packet to send:
--------------------------------------------------------------------------------------------------------------
Name                           Type               Size  Value                                                 
--------------------------------------------------------------------------------------------------------------
req                            short_yapp_packet  -     @3455                                                 
  length                       integral           6     'h1                                                   
  addr                         integral           2     'h0                                                   
  payload                      da(integral)       1     -                                                     
    [0]                        integral           8     'h56                                                  
  parity                       integral           8     'h52                                                  
  parity_type                  parity_t           1     GOOD_PARITY                                           
  packet_delay                 integral           32    'd8                                                   
  begin_time                   time               64    0                                                     
  depth                        int                32    'd2                                                   
  parent sequence (name)       string             14    yapp_5_packets                                        
  parent sequence (full name)  string             54    uvm_test_top.tb.yapp.tx_agent.sequencer.yapp_5_packets
  sequencer                    string             39    uvm_test_top.tb.yapp.tx_agent.sequencer               
--------------------------------------------------------------------------------------------------------------

UVM_INFO ../sv/yapp_tx_driver.sv(22) @ 10: uvm_test_top.tb.yapp.tx_agent.driver [yapp_tx_driver] Input Packet to send:
--------------------------------------------------------------------------------------------------------------
Name                           Type               Size  Value                                                 
--------------------------------------------------------------------------------------------------------------
req                            short_yapp_packet  -     @3514                                                 
  length                       integral           6     'h1                                                   
  addr                         integral           2     'h1                                                   
  payload                      da(integral)       1     -                                                     
    [0]                        integral           8     'h20                                                  
  parity                       integral           8     'h25                                                  
  parity_type                  parity_t           1     GOOD_PARITY                                           
  packet_delay                 integral           32    'd16                                                  
  begin_time                   time               64    10                                                    
  depth                        int                32    'd2                                                   
  parent sequence (name)       string             14    yapp_5_packets                                        
  parent sequence (full name)  string             54    uvm_test_top.tb.yapp.tx_agent.sequencer.yapp_5_packets
  sequencer                    string             39    uvm_test_top.tb.yapp.tx_agent.sequencer               
--------------------------------------------------------------------------------------------------------------

UVM_INFO ../sv/yapp_tx_driver.sv(22) @ 20: uvm_test_top.tb.yapp.tx_agent.driver [yapp_tx_driver] Input Packet to send:
--------------------------------------------------------------------------------------------------------------
Name                           Type               Size  Value                                                 
--------------------------------------------------------------------------------------------------------------
req                            short_yapp_packet  -     @3536                                                 
  length                       integral           6     'h7                                                   
  addr                         integral           2     'h0                                                   
  payload                      da(integral)       7     -                                                     
    [0]                        integral           8     'h90                                                  
    [1]                        integral           8     'h1                                                   
    [2]                        integral           8     'h51                                                  
    [3]                        integral           8     'h2e                                                  
    [4]                        integral           8     'h1d                                                  
    [5]                        integral           8     'hea                                                  
    [6]                        integral           8     'h8                                                   
  parity                       integral           8     'hd                                                   
  parity_type                  parity_t           1     GOOD_PARITY                                           
  packet_delay                 integral           32    'd11                                                  
  begin_time                   time               64    20                                                    
  depth                        int                32    'd2                                                   
  parent sequence (name)       string             14    yapp_5_packets                                        
  parent sequence (full name)  string             54    uvm_test_top.tb.yapp.tx_agent.sequencer.yapp_5_packets
  sequencer                    string             39    uvm_test_top.tb.yapp.tx_agent.sequencer               
--------------------------------------------------------------------------------------------------------------

UVM_INFO ../sv/yapp_tx_driver.sv(22) @ 30: uvm_test_top.tb.yapp.tx_agent.driver [yapp_tx_driver] Input Packet to send:
--------------------------------------------------------------------------------------------------------------
Name                           Type               Size  Value                                                 
--------------------------------------------------------------------------------------------------------------
req                            short_yapp_packet  -     @3560                                                 
  length                       integral           6     'ha                                                   
  addr                         integral           2     'h1                                                   
  payload                      da(integral)       10    -                                                     
    [0]                        integral           8     'he                                                   
    [1]                        integral           8     'h71                                                  
    [2]                        integral           8     'h6e                                                  
    [3]                        integral           8     'h48                                                  
    [4]                        integral           8     'h94                                                  
    [5]                        integral           8     'h5a                                                  
    [6]                        integral           8     'h13                                                  
    [7]                        integral           8     'heb                                                  
    [8]                        integral           8     'h8d                                                  
    [9]                        integral           8     'h6b                                                  
  parity                       integral           8     'ha0                                                  
  parity_type                  parity_t           1     GOOD_PARITY                                           
  packet_delay                 integral           32    'd10                                                  
  begin_time                   time               64    30                                                    
  depth                        int                32    'd2                                                   
  parent sequence (name)       string             14    yapp_5_packets                                        
  parent sequence (full name)  string             54    uvm_test_top.tb.yapp.tx_agent.sequencer.yapp_5_packets
  sequencer                    string             39    uvm_test_top.tb.yapp.tx_agent.sequencer               
--------------------------------------------------------------------------------------------------------------

UVM_INFO ../sv/yapp_tx_driver.sv(22) @ 40: uvm_test_top.tb.yapp.tx_agent.driver [yapp_tx_driver] Input Packet to send:
--------------------------------------------------------------------------------------------------------------
Name                           Type               Size  Value                                                 
--------------------------------------------------------------------------------------------------------------
req                            short_yapp_packet  -     @3572                                                 
  length                       integral           6     'h3                                                   
  addr                         integral           2     'h0                                                   
  payload                      da(integral)       3     -                                                     
    [0]                        integral           8     'h2b                                                  
    [1]                        integral           8     'hb2                                                  
    [2]                        integral           8     'hfb                                                  
  parity                       integral           8     'h6e                                                  
  parity_type                  parity_t           1     GOOD_PARITY                                           
  packet_delay                 integral           32    'd18                                                  
  begin_time                   time               64    40                                                    
  depth                        int                32    'd2                                                   
  parent sequence (name)       string             14    yapp_5_packets                                        
  parent sequence (full name)  string             54    uvm_test_top.tb.yapp.tx_agent.sequencer.yapp_5_packets
  sequencer                    string             39    uvm_test_top.tb.yapp.tx_agent.sequencer               
--------------------------------------------------------------------------------------------------------------

UVM_INFO /tools/cadence/XCELIUM/24.09.011/tools/methodology/UVM/CDNS-1.1d/sv/src/base/uvm_objection.svh(1268) @ 50: reporter [TEST_DONE] 'run' phase is ready to proceed to the 'extract' phase

--- UVM Report catcher Summary ---


Number of demoted UVM_FATAL reports  :    0
Number of demoted UVM_ERROR reports  :    0
Number of demoted UVM_WARNING reports:    0
Number of caught UVM_FATAL reports   :    0
Number of caught UVM_ERROR reports   :    0
Number of caught UVM_WARNING reports :    0

--- UVM Report Summary ---

** Report counts by severity
UVM_INFO :   10
UVM_WARNING :    0
UVM_ERROR :    0
UVM_FATAL :    0
** Report counts by id
[RNTST]     1
[TEST_DONE]     1
[UVMTOP]     1
[yapp_5_packets]     1
[yapp_tx_driver]     5
[yapp_tx_monitor]     1
Simulation complete via $finish(1) at time 50 NS + 49
/tools/cadence/XCELIUM/24.09.011/tools/methodology/UVM/CDNS-1.1d/sv/src/base/uvm_root.svh:457     $finish;
xcelium> exit
TOOL:	xrun(64)	24.09-s011: Exiting on Oct 19, 2025 at 09:42:59 UTC  (total: 00:00:04)
