xrun(64): 24.09-s011: (c) Copyright 1995-2025 Cadence Design Systems, Inc.
TOOL:	xrun(64)	24.09-s011: Started on Oct 27, 2025 at 12:18:16 UTC
xrun
	-f run.f
		-64
		-uvmhome /tools/cadence/XCELIUM/24.09.011/tools/methodology/UVM/CDNS-1.1d
		-timescale 1ns/1ns
		-incdir ../../yapp/sv
		../../yapp/sv/yapp_pkg.sv
		../../yapp/sv/yapp_if.sv
		-incdir ../../channel/sv
		../../channel/sv/channel_pkg.sv
		../../channel/sv/channel_if.sv
		-incdir ../../hbus/sv
		../../hbus/sv/hbus_pkg.sv
		../../hbus/sv/hbus_if.sv
		-incdir ../../clock_and_reset/sv
		../../clock_and_reset/sv/clock_and_reset_pkg.sv
		../../clock_and_reset/sv/clock_and_reset_if.sv
		clkgen.sv
		../../router_rtl/yapp_router.sv
		tb_top.sv
		hw_top.sv
		+UVM_TESTNAME=router_mcseq_test
		+UVM_VERBOSITY=UVM_MEDIUM

   User defined plus("+") options:
	+UVM_VERBOSITY=UVM_MEDIUM

Loading snapshot worklib.tb_top:sv .................... Done
SVSEED default: 1
xcelium> source /tools/cadence/XCELIUM/24.09.011/tools/xcelium/files/xmsimrc
xcelium> source /tools/cadence/XCELIUM/24.09.011/tools/methodology/UVM/CDNS-1.1d/additions/sv/files/tcl/uvm_sim.tcl
xcelium> run
----------------------------------------------------------------
CDNS-UVM-1.1d (24.09-s011)
(C) 2007-2013 Mentor Graphics Corporation
(C) 2007-2013 Cadence Design Systems, Inc.
(C) 2006-2013 Synopsys, Inc.
(C) 2011-2013 Cypress Semiconductor Corp.
----------------------------------------------------------------

  ***********       IMPORTANT RELEASE NOTES         ************

  You are using a version of the UVM library that has been compiled
  with `UVM_NO_DEPRECATED undefined.
  See http://www.eda.org/svdb/view.php?id=3313 for more details.

  You are using a version of the UVM library that has been compiled
  with `UVM_OBJECT_MUST_HAVE_CONSTRUCTOR undefined.
  See http://www.eda.org/svdb/view.php?id=3770 for more details.

      (Specify +UVM_NO_RELNOTES to turn off this notice)

UVM_INFO @ 0: reporter [RNTST] Running test router_mcseq_test...
UVM_INFO ../../channel/sv/channel_rx_monitor.sv(68) @ 0: uvm_test_top.tb.chan0.rx_agent.monitor [NOCOV] Coverage not enabled for: uvm_test_top.tb.chan0.rx_agent.monitor
UVM_INFO ../../channel/sv/channel_rx_monitor.sv(68) @ 0: uvm_test_top.tb.chan1.rx_agent.monitor [NOCOV] Coverage not enabled for: uvm_test_top.tb.chan1.rx_agent.monitor
UVM_INFO ../../channel/sv/channel_rx_monitor.sv(68) @ 0: uvm_test_top.tb.chan2.rx_agent.monitor [NOCOV] Coverage not enabled for: uvm_test_top.tb.chan2.rx_agent.monitor
UVM_INFO @ 0: reporter [UVMTOP] UVM testbench topology:
--------------------------------------------------------------------------
Name                           Type                       Size  Value     
--------------------------------------------------------------------------
sb                             router_scoreboard          -     @2646     
  ch0_imp                      uvm_analysis_imp_ch0       -     @2754     
  ch1_imp                      uvm_analysis_imp_ch1       -     @2803     
  ch2_imp                      uvm_analysis_imp_ch2       -     @2852     
  yapp_imp                     uvm_analysis_imp_yapp      -     @2703     
uvm_test_top                   router_mcseq_test          -     @2884     
  tb                           router_tb                  -     @2975     
    chan0                      channel_env                -     @3005     
      rx_agent                 channel_rx_agent           -     @4095     
        driver                 channel_rx_driver          -     @4847     
          rsp_port             uvm_analysis_port          -     @4945     
            recording_detail   integral                   32    'd1       
          seq_item_port        uvm_seq_item_pull_port     -     @4896     
            recording_detail   integral                   32    'd1       
          channel_id           integral                   32    'h0       
          recording_detail     integral                   32    'd1       
        monitor                channel_rx_monitor         -     @4087     
          item_collected_port  uvm_analysis_port          -     @4182     
            recording_detail   integral                   32    'd1       
          channel_id           integral                   32    'h0       
          checks_enable        integral                   1     'h1       
          coverage_enable      integral                   1     'h1       
          recording_detail     integral                   32    'd1       
        sequencer              channel_rx_sequencer       -     @4212     
          rsp_export           uvm_analysis_export        -     @4269     
            recording_detail   integral                   32    'd1       
          seq_item_export      uvm_seq_item_pull_imp      -     @4817     
            recording_detail   integral                   32    'd1       
          recording_detail     integral                   32    'd1       
          arbitration_queue    array                      0     -         
          lock_queue           array                      0     -         
          num_last_reqs        integral                   32    'd1       
          num_last_rsps        integral                   32    'd1       
        is_active              uvm_active_passive_enum    1     UVM_ACTIVE
        recording_detail       integral                   32    'd1       
      channel_id               integral                   32    'h0       
      checks_enable            integral                   1     'h1       
      coverage_enable          integral                   1     'h1       
      recording_detail         integral                   32    'd1       
    chan1                      channel_env                -     @3087     
      rx_agent                 channel_rx_agent           -     @4996     
        driver                 channel_rx_driver          -     @5685     
          rsp_port             uvm_analysis_port          -     @5830     
            recording_detail   integral                   32    'd1       
          seq_item_port        uvm_seq_item_pull_port     -     @5782     
            recording_detail   integral                   32    'd1       
          channel_id           integral                   32    'h1       
          recording_detail     integral                   32    'd1       
        monitor                channel_rx_monitor         -     @4993     
          item_collected_port  uvm_analysis_port          -     @5080     
            recording_detail   integral                   32    'd1       
          channel_id           integral                   32    'h1       
          checks_enable        integral                   1     'h1       
          coverage_enable      integral                   1     'h1       
          recording_detail     integral                   32    'd1       
        sequencer              channel_rx_sequencer       -     @5060     
          rsp_export           uvm_analysis_export        -     @5165     
            recording_detail   integral                   32    'd1       
          seq_item_export      uvm_seq_item_pull_imp      -     @5705     
            recording_detail   integral                   32    'd1       
          recording_detail     integral                   32    'd1       
          arbitration_queue    array                      0     -         
          lock_queue           array                      0     -         
          num_last_reqs        integral                   32    'd1       
          num_last_rsps        integral                   32    'd1       
        is_active              uvm_active_passive_enum    1     UVM_ACTIVE
        recording_detail       integral                   32    'd1       
      channel_id               integral                   32    'h1       
      checks_enable            integral                   1     'h1       
      coverage_enable          integral                   1     'h1       
      recording_detail         integral                   32    'd1       
    chan2                      channel_env                -     @3116     
      rx_agent                 channel_rx_agent           -     @5881     
        driver                 channel_rx_driver          -     @6570     
          rsp_port             uvm_analysis_port          -     @6715     
            recording_detail   integral                   32    'd1       
          seq_item_port        uvm_seq_item_pull_port     -     @6667     
            recording_detail   integral                   32    'd1       
          channel_id           integral                   32    'h2       
          recording_detail     integral                   32    'd1       
        monitor                channel_rx_monitor         -     @5878     
          item_collected_port  uvm_analysis_port          -     @5965     
            recording_detail   integral                   32    'd1       
          channel_id           integral                   32    'h2       
          checks_enable        integral                   1     'h1       
          coverage_enable      integral                   1     'h1       
          recording_detail     integral                   32    'd1       
        sequencer              channel_rx_sequencer       -     @5945     
          rsp_export           uvm_analysis_export        -     @6050     
            recording_detail   integral                   32    'd1       
          seq_item_export      uvm_seq_item_pull_imp      -     @6590     
            recording_detail   integral                   32    'd1       
          recording_detail     integral                   32    'd1       
          arbitration_queue    array                      0     -         
          lock_queue           array                      0     -         
          num_last_reqs        integral                   32    'd1       
          num_last_rsps        integral                   32    'd1       
        is_active              uvm_active_passive_enum    1     UVM_ACTIVE
        recording_detail       integral                   32    'd1       
      channel_id               integral                   32    'h2       
      checks_enable            integral                   1     'h1       
      coverage_enable          integral                   1     'h1       
      recording_detail         integral                   32    'd1       
    clock_and_reset            clock_and_reset_env        -     @4006     
      agent                    clock_and_reset_agent      -     @6765     
        driver                 clock_and_reset_driver     -     @6796     
          rsp_port             uvm_analysis_port          -     @6897     
            recording_detail   integral                   32    'd1       
          seq_item_port        uvm_seq_item_pull_port     -     @6846     
            recording_detail   integral                   32    'd1       
          recording_detail     integral                   32    'd1       
        sequencer              clock_and_reset_sequencer  -     @6927     
          rsp_export           uvm_analysis_export        -     @6984     
            recording_detail   integral                   32    'd1       
          seq_item_export      uvm_seq_item_pull_imp      -     @7532     
            recording_detail   integral                   32    'd1       
          recording_detail     integral                   32    'd1       
          arbitration_queue    array                      0     -         
          lock_queue           array                      0     -         
          num_last_reqs        integral                   32    'd1       
          num_last_rsps        integral                   32    'd1       
        recording_detail       integral                   32    'd1       
      recording_detail         integral                   32    'd1       
    hbus                       hbus_env                   -     @4007     
      masters[0]               hbus_master_agent          -     @7668     
        driver                 hbus_master_driver         -     @8336     
          rsp_port             uvm_analysis_port          -     @8434     
            recording_detail   integral                   32    'd1       
          seq_item_port        uvm_seq_item_pull_port     -     @8385     
            recording_detail   integral                   32    'd1       
          random_delay         integral                   1     'h0       
          master_id            integral                   32    'h0       
          recording_detail     integral                   32    'd1       
        sequencer              hbus_master_sequencer      -     @7664     
          rsp_export           uvm_analysis_export        -     @7758     
            recording_detail   integral                   32    'd1       
          seq_item_export      uvm_seq_item_pull_imp      -     @8306     
            recording_detail   integral                   32    'd1       
          recording_detail     integral                   32    'd1       
          arbitration_queue    array                      0     -         
          lock_queue           array                      0     -         
          num_last_reqs        integral                   32    'd1       
          num_last_rsps        integral                   32    'd1       
        monitor                hbus_monitor               -     @7582     
        is_active              uvm_active_passive_enum    1     UVM_ACTIVE
        master_id              integral                   32    'h0       
        recording_detail       integral                   32    'd1       
      monitor                  hbus_monitor               -     @7582     
        item_collected_port    uvm_analysis_port          -     @7634     
          recording_detail     integral                   32    'd1       
        checks_enable          integral                   1     'h1       
        coverage_enable        integral                   1     'h1       
        recording_detail       integral                   32    'd1       
      num_masters              integral                   32    'h1       
      num_slaves               integral                   32    'h0       
      checks_enable            integral                   1     'h1       
      coverage_enable          integral                   1     'h1       
      recording_detail         integral                   32    'd1       
    mcseqr                     router_mcsequencer         -     @3115     
      rsp_export               uvm_analysis_export        -     @3203     
        recording_detail       integral                   32    'd1       
      seq_item_export          uvm_seq_item_pull_imp      -     @3753     
        recording_detail       integral                   32    'd1       
      recording_detail         integral                   32    'd1       
      arbitration_queue        array                      0     -         
      lock_queue               array                      0     -         
      num_last_reqs            integral                   32    'd1       
      num_last_rsps            integral                   32    'd1       
    sb                         router_scoreboard          -     @3732     
      ch0_imp                  uvm_analysis_imp_ch0       -     @3881     
        recording_detail       integral                   32    'd1       
      ch1_imp                  uvm_analysis_imp_ch1       -     @3929     
        recording_detail       integral                   32    'd1       
      ch2_imp                  uvm_analysis_imp_ch2       -     @3977     
        recording_detail       integral                   32    'd1       
      yapp_imp                 uvm_analysis_imp_yapp      -     @3833     
        recording_detail       integral                   32    'd1       
      recording_detail         integral                   32    'd1       
    yapp                       yapp_env                   -     @3008     
      tx_agent                 yapp_tx_agent              -     @8504     
        driver                 yapp_tx_driver             -     @9187     
          rsp_port             uvm_analysis_port          -     @9332     
            recording_detail   integral                   32    'd1       
          seq_item_port        uvm_seq_item_pull_port     -     @9284     
            recording_detail   integral                   32    'd1       
          num_sent             integral                   32    'h0       
          recording_detail     integral                   32    'd1       
        monitor                yapp_tx_monitor            -     @8502     
          item_collected_port  uvm_analysis_port          -     @8582     
            recording_detail   integral                   32    'd1       
          num_pkt_col          integral                   32    'h0       
          recording_detail     integral                   32    'd1       
        sequencer              yapp_tx_sequencer          -     @8563     
          rsp_export           uvm_analysis_export        -     @8667     
            recording_detail   integral                   32    'd1       
          seq_item_export      uvm_seq_item_pull_imp      -     @9207     
            recording_detail   integral                   32    'd1       
          recording_detail     integral                   32    'd1       
          arbitration_queue    array                      0     -         
          lock_queue           array                      0     -         
          num_last_reqs        integral                   32    'd1       
          num_last_rsps        integral                   32    'd1       
        is_active              uvm_active_passive_enum    1     UVM_ACTIVE
        recording_detail       integral                   32    'd1       
      recording_detail         integral                   32    'd1       
    recording_detail           integral                   32    'd1       
--------------------------------------------------------------------------

SDI/Verilog Transaction Recording Facility Version 24.09-s011
UVM_INFO ../../channel/sv/channel_rx_monitor.sv(109) @ 0: uvm_test_top.tb.chan2.rx_agent.monitor [channel_rx_monitor] Inside the run() phase
UVM_INFO ../../channel/sv/channel_rx_monitor.sv(109) @ 0: uvm_test_top.tb.chan1.rx_agent.monitor [channel_rx_monitor] Inside the run() phase
UVM_INFO ../../channel/sv/channel_rx_monitor.sv(109) @ 0: uvm_test_top.tb.chan0.rx_agent.monitor [channel_rx_monitor] Inside the run() phase
UVM_INFO router_mcseqs_lib.sv(29) @ 0: uvm_test_top.tb.mcseqr@@router_simple_mcseq [router_simple_mcseq] raise objection
UVM_INFO router_mcseqs_lib.sv(50) @ 0: uvm_test_top.tb.mcseqr@@router_simple_mcseq [router_simple_mcseq] Starting router_simple_mcseq body
UVM_INFO ../../clock_and_reset/sv/clock_and_reset_seq.sv(48) @ 0: uvm_test_top.tb.clock_and_reset.agent.sequencer@@clk10_rst5_seq [clk10_rst5_seq] Starting test_sequence sequence body
UVM_INFO ../../channel/sv/channel_rx_seqs.sv(33) @ 0: uvm_test_top.tb.chan2.rx_agent.sequencer@@channel_rx_resp_seq [channel_rx_resp_seq] Executing channel_rx_resp_seq (forever)
UVM_INFO ../../channel/sv/channel_rx_seqs.sv(33) @ 0: uvm_test_top.tb.chan1.rx_agent.sequencer@@channel_rx_resp_seq [channel_rx_resp_seq] Executing channel_rx_resp_seq (forever)
UVM_INFO ../../channel/sv/channel_rx_seqs.sv(33) @ 0: uvm_test_top.tb.chan0.rx_agent.sequencer@@channel_rx_resp_seq [channel_rx_resp_seq] Executing channel_rx_resp_seq (forever)
UVM_INFO ../../hbus/sv/hbus_master_seqs.sv(196) @ 0: uvm_test_top.tb.hbus.masters[0].sequencer@@router_simple_mcseq.h_small [hbus_small_packet_seq] Executing sequence
UVM_INFO ../../clock_and_reset/sv/clock_and_reset_seq.sv(20) @ 0: uvm_test_top.tb.clock_and_reset.agent.sequencer@@clk10_rst5_seq.cr [clock_and_reset_sequence] starting body clock_and_reset_wait_seq
UVM_INFO ../../hbus/sv/hbus_master_seqs.sv(133) @ 0: uvm_test_top.tb.hbus.masters[0].sequencer@@router_simple_mcseq.h_small.hbus_seq [hbus_set_yapp_regs_seq] Executing sequence
UVM_INFO ../../hbus/sv/hbus_if.sv(41) @ 50: reporter [HBUS_IF] Master Observed Reset
UVM_INFO ../../hbus/sv/hbus_monitor.sv(91) @ 50: uvm_test_top.tb.hbus.monitor [hbus_monitor] Reset Active
UVM_INFO ../../hbus/sv/hbus_monitor.sv(93) @ 550: uvm_test_top.tb.hbus.monitor [hbus_monitor] Reset Deasserted
UVM_INFO ../../hbus/sv/hbus_master_driver.sv(57) @ 550: uvm_test_top.tb.hbus.masters[0].driver [hbus_master_driver] Reset Dropped
UVM_INFO ../../channel/sv/channel_rx_monitor.sv(113) @ 550: uvm_test_top.tb.chan2.rx_agent.monitor [channel_rx_monitor] Detected Reset Done
UVM_INFO ../../channel/sv/channel_rx_driver.sv(72) @ 550: uvm_test_top.tb.chan2.rx_agent.driver [channel_rx_driver] Reset Dropped
UVM_INFO ../../channel/sv/channel_rx_monitor.sv(113) @ 550: uvm_test_top.tb.chan1.rx_agent.monitor [channel_rx_monitor] Detected Reset Done
UVM_INFO ../../channel/sv/channel_rx_driver.sv(72) @ 550: uvm_test_top.tb.chan1.rx_agent.driver [channel_rx_driver] Reset Dropped
UVM_INFO ../../channel/sv/channel_rx_monitor.sv(113) @ 550: uvm_test_top.tb.chan0.rx_agent.monitor [channel_rx_monitor] Detected Reset Done
UVM_INFO ../../channel/sv/channel_rx_driver.sv(72) @ 550: uvm_test_top.tb.chan0.rx_agent.driver [channel_rx_driver] Reset Dropped
UVM_INFO ../../yapp/sv/yapp_tx_monitor.sv(28) @ 550: uvm_test_top.tb.yapp.tx_agent.monitor [yapp_tx_monitor] Detected Reset Done
UVM_INFO ../../yapp/sv/yapp_tx_driver.sv(37) @ 550: uvm_test_top.tb.yapp.tx_agent.driver [yapp_tx_driver] Reset dropped
UVM_INFO ../../hbus/sv/hbus_if.sv(74) @ 600: reporter [HBUS_IF] Master writes 14 to 1000
UVM_INFO ../../hbus/sv/hbus_master_driver.sv(67) @ 600: uvm_test_top.tb.hbus.masters[0].driver [hbus_master_driver] Driving transaction :
----------------------------------------------------------------------------------------------------------------------
Name                           Type                  Size  Value                                                      
----------------------------------------------------------------------------------------------------------------------
transaction                    hbus_transaction      -     @9977                                                      
  haddr                        integral              16    'h1000                                                     
  hdata                        integral              8     'h14                                                       
  hwr_rd                       hbus_read_write_enum  1     HBUS_WRITE                                                 
  wait_between_cycle           integral              32    'h3                                                        
  begin_time                   time                  64    600                                                        
  depth                        int                   32    'd4                                                        
  parent sequence (name)       string                8     hbus_seq                                                   
  parent sequence (full name)  string                59    uvm_test_top.tb.mcseqr.router_simple_mcseq.h_small.hbus_seq
  sequencer                    string                41    uvm_test_top.tb.hbus.masters[0].sequencer                  
----------------------------------------------------------------------------------------------------------------------

UVM_INFO ../../hbus/sv/hbus_if.sv(148) @ 650: reporter [HBUS_IF] Monitor Write Transaction
UVM_INFO ../../hbus/sv/hbus_monitor.sv(101) @ 650: uvm_test_top.tb.hbus.monitor [hbus_monitor] Collecting Transaction
UVM_INFO ../../hbus/sv/hbus_monitor.sv(109) @ 750: uvm_test_top.tb.hbus.monitor [hbus_monitor] transaction collected :
------------------------------------------------------------
Name                  Type                  Size  Value     
------------------------------------------------------------
tr_collect            hbus_transaction      -     @10132    
  haddr               integral              16    'h1000    
  hdata               integral              8     'h14      
  hwr_rd              hbus_read_write_enum  1     HBUS_WRITE
  wait_between_cycle  integral              32    'h0       
  begin_time          time                  64    650       
  end_time            time                  64    750       
------------------------------------------------------------

UVM_INFO ../../hbus/sv/hbus_if.sv(74) @ 800: reporter [HBUS_IF] Master writes 01 to 1001
UVM_INFO ../../hbus/sv/hbus_master_driver.sv(67) @ 800: uvm_test_top.tb.hbus.masters[0].driver [hbus_master_driver] Driving transaction :
----------------------------------------------------------------------------------------------------------------------
Name                           Type                  Size  Value                                                      
----------------------------------------------------------------------------------------------------------------------
transaction                    hbus_transaction      -     @9869                                                      
  haddr                        integral              16    'h1001                                                     
  hdata                        integral              8     'h1                                                        
  hwr_rd                       hbus_read_write_enum  1     HBUS_WRITE                                                 
  wait_between_cycle           integral              32    'h1                                                        
  begin_time                   time                  64    800                                                        
  depth                        int                   32    'd4                                                        
  parent sequence (name)       string                8     hbus_seq                                                   
  parent sequence (full name)  string                59    uvm_test_top.tb.mcseqr.router_simple_mcseq.h_small.hbus_seq
  sequencer                    string                41    uvm_test_top.tb.hbus.masters[0].sequencer                  
----------------------------------------------------------------------------------------------------------------------

UVM_INFO ../../hbus/sv/hbus_if.sv(148) @ 850: reporter [HBUS_IF] Monitor Write Transaction
UVM_INFO ../../hbus/sv/hbus_monitor.sv(101) @ 850: uvm_test_top.tb.hbus.monitor [hbus_monitor] Collecting Transaction
UVM_INFO ../../hbus/sv/hbus_master_seqs.sv(236) @ 900: uvm_test_top.tb.hbus.masters[0].sequencer@@router_simple_mcseq.h_read [hbus_read_max_pkt_seq] Executing sequence
UVM_INFO ../../hbus/sv/hbus_monitor.sv(109) @ 950: uvm_test_top.tb.hbus.monitor [hbus_monitor] transaction collected :
------------------------------------------------------------
Name                  Type                  Size  Value     
------------------------------------------------------------
tr_collect            hbus_transaction      -     @10132    
  haddr               integral              16    'h1001    
  hdata               integral              8     'h1       
  hwr_rd              hbus_read_write_enum  1     HBUS_WRITE
  wait_between_cycle  integral              32    'h0       
  begin_time          time                  64    850       
  end_time            time                  64    950       
------------------------------------------------------------

UVM_INFO ../../hbus/sv/hbus_master_driver.sv(67) @ 1000: uvm_test_top.tb.hbus.masters[0].driver [hbus_master_driver] Driving transaction :
------------------------------------------------------------------------------------------------------------
Name                           Type                  Size  Value                                            
------------------------------------------------------------------------------------------------------------
transaction                    hbus_transaction      -     @9850                                            
  haddr                        integral              16    'h1000                                           
  hdata                        integral              8     'h7                                              
  hwr_rd                       hbus_read_write_enum  1     HBUS_READ                                        
  wait_between_cycle           integral              32    'h3                                              
  begin_time                   time                  64    1000                                             
  depth                        int                   32    'd3                                              
  parent sequence (name)       string                6     h_read                                           
  parent sequence (full name)  string                49    uvm_test_top.tb.mcseqr.router_simple_mcseq.h_read
  sequencer                    string                41    uvm_test_top.tb.hbus.masters[0].sequencer        
------------------------------------------------------------------------------------------------------------

UVM_INFO ../../hbus/sv/hbus_if.sv(155) @ 1050: reporter [HBUS_IF] Monitor Read Transaction
UVM_INFO ../../hbus/sv/hbus_monitor.sv(101) @ 1050: uvm_test_top.tb.hbus.monitor [hbus_monitor] Collecting Transaction
UVM_INFO ../../hbus/sv/hbus_if.sv(89) @ 1200: reporter [HBUS_IF] Master reads 14 from 1000
UVM_INFO ../../yapp/sv/yapp_tx_seqs.sv(117) @ 1200: uvm_test_top.tb.yapp.tx_agent.sequencer@@router_simple_mcseq.y_seq [yapp_012_seq] Executing yapp_012_seq sequence
UVM_INFO ../../hbus/sv/hbus_monitor.sv(109) @ 1250: uvm_test_top.tb.hbus.monitor [hbus_monitor] transaction collected :
-----------------------------------------------------------
Name                  Type                  Size  Value    
-----------------------------------------------------------
tr_collect            hbus_transaction      -     @10132   
  haddr               integral              16    'h1000   
  hdata               integral              8     'h14     
  hwr_rd              hbus_read_write_enum  1     HBUS_READ
  wait_between_cycle  integral              32    'h0      
  begin_time          time                  64    1050     
  end_time            time                  64    1250     
-----------------------------------------------------------

UVM_INFO ../../yapp/sv/yapp_tx_monitor.sv(44) @ 3450: uvm_test_top.tb.yapp.tx_agent.monitor [yapp_tx_monitor] Packet Collected :
-----------------------------------------------
Name            Type          Size  Value      
-----------------------------------------------
pkt             yapp_packet   -     @9929      
  length        integral      6     'hd        
  addr          integral      2     'h0        
  payload       da(integral)  13    -          
    [0]         integral      8     'h78       
    [1]         integral      8     'h1a       
    [2]         integral      8     'ha0       
    [3]         integral      8     'ha        
    [4]         integral      8     'h22       
    ...         ...           ...   ...        
    [8]         integral      8     'h5a       
    [9]         integral      8     'hc1       
    [10]        integral      8     'h1e       
    [11]        integral      8     'hce       
    [12]        integral      8     'ha4       
  parity        integral      8     'h5a       
  parity_type   parity_t      1     GOOD_PARITY
  packet_delay  integral      32    'd0        
  begin_time    time          64    2050       
  end_time      time          64    3450       
-----------------------------------------------

UVM_INFO ../../channel/sv/channel_rx_monitor.sv(144) @ 4550: uvm_test_top.tb.chan0.rx_agent.monitor [channel_rx_monitor] Channel_0 Packet collected :
---------------------------------------------------
Name              Type            Size  Value      
---------------------------------------------------
packet_collected  channel_packet  -     @9934      
  length          integral        6     'hd        
  addr            integral        2     'h0        
  payload         da(integral)    13    -          
    [0]           integral        8     'h78       
    [1]           integral        8     'h1a       
    [2]           integral        8     'ha0       
    [3]           integral        8     'ha        
    [4]           integral        8     'h22       
    ...           ...             ...   ...        
    [8]           integral        8     'h5a       
    [9]           integral        8     'hc1       
    [10]          integral        8     'h1e       
    [11]          integral        8     'hce       
    [12]          integral        8     'ha4       
  parity          integral        8     'h5a       
  parity_type     parity_e        1     GOOD_PARITY
  packet_delay    integral        32    'd0        
  begin_time      time            64    3050       
  end_time        time            64    4550       
---------------------------------------------------

UVM_INFO ../sv/router_scoreboard.sv(159) @ 4550: uvm_test_top.tb.sb [router_scoreboard] Packet match on channel 0
UVM_INFO ../../yapp/sv/yapp_tx_monitor.sv(44) @ 5650: uvm_test_top.tb.yapp.tx_agent.monitor [yapp_tx_monitor] Packet Collected :
-----------------------------------------------
Name            Type          Size  Value      
-----------------------------------------------
pkt             yapp_packet   -     @9722      
  length        integral      6     'h2        
  addr          integral      2     'h1        
  payload       da(integral)  2     -          
    [0]         integral      8     'h8d       
    [1]         integral      8     'h94       
  parity        integral      8     'h10       
  parity_type   parity_t      1     GOOD_PARITY
  packet_delay  integral      32    'd0        
  begin_time    time          64    5350       
  end_time      time          64    5650       
-----------------------------------------------

UVM_INFO ../../channel/sv/channel_rx_monitor.sv(144) @ 6650: uvm_test_top.tb.chan1.rx_agent.monitor [channel_rx_monitor] Channel_1 Packet collected :
---------------------------------------------------
Name              Type            Size  Value      
---------------------------------------------------
packet_collected  channel_packet  -     @9937      
  length          integral        6     'h2        
  addr            integral        2     'h1        
  payload         da(integral)    2     -          
    [0]           integral        8     'h8d       
    [1]           integral        8     'h94       
  parity          integral        8     'h10       
  parity_type     parity_e        1     GOOD_PARITY
  packet_delay    integral        32    'd0        
  begin_time      time            64    6250       
  end_time        time            64    6650       
---------------------------------------------------

UVM_INFO ../sv/router_scoreboard.sv(159) @ 6650: uvm_test_top.tb.sb [router_scoreboard] Packet match on channel 1
ROUTER DROPS PACKET - LENGTH is 25, MAX is 20
UVM_INFO ../../yapp/sv/yapp_tx_monitor.sv(44) @ 10250: uvm_test_top.tb.yapp.tx_agent.monitor [yapp_tx_monitor] Packet Collected :
----------------------------------------------
Name            Type          Size  Value     
----------------------------------------------
pkt             yapp_packet   -     @9792     
  length        integral      6     'h19      
  addr          integral      2     'h2       
  payload       da(integral)  25    -         
    [0]         integral      8     'hf       
    [1]         integral      8     'h41      
    [2]         integral      8     'ha1      
    [3]         integral      8     'hd4      
    [4]         integral      8     'h68      
    ...         ...           ...   ...       
    [20]        integral      8     'h63      
    [21]        integral      8     'ha5      
    [22]        integral      8     'h80      
    [23]        integral      8     'hbd      
    [24]        integral      8     'h7d      
  parity        integral      8     'h40      
  parity_type   parity_t      1     BAD_PARITY
  packet_delay  integral      32    'd0       
  begin_time    time          64    7650      
  end_time      time          64    10250     
----------------------------------------------

UVM_INFO ../../yapp/sv/yapp_tx_seqs.sv(117) @ 10300: uvm_test_top.tb.yapp.tx_agent.sequencer@@router_simple_mcseq.y_seq [yapp_012_seq] Executing yapp_012_seq sequence
ROUTER DROPS PACKET - LENGTH is 63, MAX is 20
UVM_INFO ../../yapp/sv/yapp_tx_monitor.sv(44) @ 18350: uvm_test_top.tb.yapp.tx_agent.monitor [yapp_tx_monitor] Packet Collected :
-----------------------------------------------
Name            Type          Size  Value      
-----------------------------------------------
pkt             yapp_packet   -     @9681      
  length        integral      6     'h3f       
  addr          integral      2     'h0        
  payload       da(integral)  63    -          
    [0]         integral      8     'h81       
    [1]         integral      8     'h1f       
    [2]         integral      8     'h44       
    [3]         integral      8     'h84       
    [4]         integral      8     'h43       
    ...         ...           ...   ...        
    [58]        integral      8     'hef       
    [59]        integral      8     'he7       
    [60]        integral      8     'hd3       
    [61]        integral      8     'h3a       
    [62]        integral      8     'he7       
  parity        integral      8     'hff       
  parity_type   parity_t      1     GOOD_PARITY
  packet_delay  integral      32    'd0        
  begin_time    time          64    11950      
  end_time      time          64    18350      
-----------------------------------------------

ROUTER DROPS PACKET - LENGTH is 40, MAX is 20
UVM_INFO ../../yapp/sv/yapp_tx_monitor.sv(44) @ 22950: uvm_test_top.tb.yapp.tx_agent.monitor [yapp_tx_monitor] Packet Collected :
-----------------------------------------------
Name            Type          Size  Value      
-----------------------------------------------
pkt             yapp_packet   -     @9855      
  length        integral      6     'h28       
  addr          integral      2     'h1        
  payload       da(integral)  40    -          
    [0]         integral      8     'hfd       
    [1]         integral      8     'hc9       
    [2]         integral      8     'hf5       
    [3]         integral      8     'hfc       
    [4]         integral      8     'hee       
    ...         ...           ...   ...        
    [35]        integral      8     'he3       
    [36]        integral      8     'h49       
    [37]        integral      8     'h50       
    [38]        integral      8     'h88       
    [39]        integral      8     'h7        
  parity        integral      8     'ha6       
  parity_type   parity_t      1     GOOD_PARITY
  packet_delay  integral      32    'd0        
  begin_time    time          64    18850      
  end_time      time          64    22950      
-----------------------------------------------

UVM_INFO ../../yapp/sv/yapp_tx_monitor.sv(44) @ 25750: uvm_test_top.tb.yapp.tx_agent.monitor [yapp_tx_monitor] Packet Collected :
-----------------------------------------------
Name            Type          Size  Value      
-----------------------------------------------
pkt             yapp_packet   -     @9669      
  length        integral      6     'hd        
  addr          integral      2     'h2        
  payload       da(integral)  13    -          
    [0]         integral      8     'hd7       
    [1]         integral      8     'hba       
    [2]         integral      8     'ha0       
    [3]         integral      8     'h46       
    [4]         integral      8     'h58       
    ...         ...           ...   ...        
    [8]         integral      8     'h73       
    [9]         integral      8     'hdd       
    [10]        integral      8     'hd2       
    [11]        integral      8     'h22       
    [12]        integral      8     'h9        
  parity        integral      8     'h8b       
  parity_type   parity_t      1     GOOD_PARITY
  packet_delay  integral      32    'd0        
  begin_time    time          64    24350      
  end_time      time          64    25750      
-----------------------------------------------

UVM_INFO ../../hbus/sv/hbus_master_seqs.sv(215) @ 25800: uvm_test_top.tb.hbus.masters[0].sequencer@@router_simple_mcseq.h_large [hbus_set_default_regs_seq] Executing sequence
UVM_INFO ../../hbus/sv/hbus_master_seqs.sv(133) @ 25800: uvm_test_top.tb.hbus.masters[0].sequencer@@router_simple_mcseq.h_large.hbus_seq [hbus_set_yapp_regs_seq] Executing sequence
UVM_INFO ../../hbus/sv/hbus_if.sv(74) @ 25900: reporter [HBUS_IF] Master writes 3f to 1000
UVM_INFO ../../hbus/sv/hbus_master_driver.sv(67) @ 25900: uvm_test_top.tb.hbus.masters[0].driver [hbus_master_driver] Driving transaction :
----------------------------------------------------------------------------------------------------------------------
Name                           Type                  Size  Value                                                      
----------------------------------------------------------------------------------------------------------------------
transaction                    hbus_transaction      -     @9929                                                      
  haddr                        integral              16    'h1000                                                     
  hdata                        integral              8     'h3f                                                       
  hwr_rd                       hbus_read_write_enum  1     HBUS_WRITE                                                 
  wait_between_cycle           integral              32    'h3                                                        
  begin_time                   time                  64    25900                                                      
  depth                        int                   32    'd4                                                        
  parent sequence (name)       string                8     hbus_seq                                                   
  parent sequence (full name)  string                59    uvm_test_top.tb.mcseqr.router_simple_mcseq.h_large.hbus_seq
  sequencer                    string                41    uvm_test_top.tb.hbus.masters[0].sequencer                  
----------------------------------------------------------------------------------------------------------------------

UVM_INFO ../../hbus/sv/hbus_if.sv(148) @ 25950: reporter [HBUS_IF] Monitor Write Transaction
UVM_INFO ../../hbus/sv/hbus_monitor.sv(101) @ 25950: uvm_test_top.tb.hbus.monitor [hbus_monitor] Collecting Transaction
UVM_INFO ../../hbus/sv/hbus_monitor.sv(109) @ 26050: uvm_test_top.tb.hbus.monitor [hbus_monitor] transaction collected :
------------------------------------------------------------
Name                  Type                  Size  Value     
------------------------------------------------------------
tr_collect            hbus_transaction      -     @10132    
  haddr               integral              16    'h1000    
  hdata               integral              8     'h3f      
  hwr_rd              hbus_read_write_enum  1     HBUS_WRITE
  wait_between_cycle  integral              32    'h0       
  begin_time          time                  64    25950     
  end_time            time                  64    26050     
------------------------------------------------------------

UVM_INFO ../../hbus/sv/hbus_if.sv(74) @ 26100: reporter [HBUS_IF] Master writes 01 to 1001
UVM_INFO ../../hbus/sv/hbus_master_driver.sv(67) @ 26100: uvm_test_top.tb.hbus.masters[0].driver [hbus_master_driver] Driving transaction :
----------------------------------------------------------------------------------------------------------------------
Name                           Type                  Size  Value                                                      
----------------------------------------------------------------------------------------------------------------------
transaction                    hbus_transaction      -     @9838                                                      
  haddr                        integral              16    'h1001                                                     
  hdata                        integral              8     'h1                                                        
  hwr_rd                       hbus_read_write_enum  1     HBUS_WRITE                                                 
  wait_between_cycle           integral              32    'h2                                                        
  begin_time                   time                  64    26100                                                      
  depth                        int                   32    'd4                                                        
  parent sequence (name)       string                8     hbus_seq                                                   
  parent sequence (full name)  string                59    uvm_test_top.tb.mcseqr.router_simple_mcseq.h_large.hbus_seq
  sequencer                    string                41    uvm_test_top.tb.hbus.masters[0].sequencer                  
----------------------------------------------------------------------------------------------------------------------

UVM_INFO ../../hbus/sv/hbus_if.sv(148) @ 26150: reporter [HBUS_IF] Monitor Write Transaction
UVM_INFO ../../hbus/sv/hbus_monitor.sv(101) @ 26150: uvm_test_top.tb.hbus.monitor [hbus_monitor] Collecting Transaction
UVM_INFO ../../hbus/sv/hbus_master_seqs.sv(236) @ 26200: uvm_test_top.tb.hbus.masters[0].sequencer@@router_simple_mcseq.h_read [hbus_read_max_pkt_seq] Executing sequence
UVM_INFO ../../hbus/sv/hbus_monitor.sv(109) @ 26250: uvm_test_top.tb.hbus.monitor [hbus_monitor] transaction collected :
------------------------------------------------------------
Name                  Type                  Size  Value     
------------------------------------------------------------
tr_collect            hbus_transaction      -     @10132    
  haddr               integral              16    'h1001    
  hdata               integral              8     'h1       
  hwr_rd              hbus_read_write_enum  1     HBUS_WRITE
  wait_between_cycle  integral              32    'h0       
  begin_time          time                  64    26150     
  end_time            time                  64    26250     
------------------------------------------------------------

UVM_INFO ../../hbus/sv/hbus_master_driver.sv(67) @ 26300: uvm_test_top.tb.hbus.masters[0].driver [hbus_master_driver] Driving transaction :
------------------------------------------------------------------------------------------------------------
Name                           Type                  Size  Value                                            
------------------------------------------------------------------------------------------------------------
transaction                    hbus_transaction      -     @9819                                            
  haddr                        integral              16    'h1000                                           
  hdata                        integral              8     'h7                                              
  hwr_rd                       hbus_read_write_enum  1     HBUS_READ                                        
  wait_between_cycle           integral              32    'h3                                              
  begin_time                   time                  64    26300                                            
  depth                        int                   32    'd3                                              
  parent sequence (name)       string                6     h_read                                           
  parent sequence (full name)  string                49    uvm_test_top.tb.mcseqr.router_simple_mcseq.h_read
  sequencer                    string                41    uvm_test_top.tb.hbus.masters[0].sequencer        
------------------------------------------------------------------------------------------------------------

UVM_INFO ../../hbus/sv/hbus_if.sv(155) @ 26350: reporter [HBUS_IF] Monitor Read Transaction
UVM_INFO ../../hbus/sv/hbus_monitor.sv(101) @ 26350: uvm_test_top.tb.hbus.monitor [hbus_monitor] Collecting Transaction
UVM_INFO ../../channel/sv/channel_rx_monitor.sv(144) @ 26450: uvm_test_top.tb.chan2.rx_agent.monitor [channel_rx_monitor] Channel_2 Packet collected :
---------------------------------------------------
Name              Type            Size  Value      
---------------------------------------------------
packet_collected  channel_packet  -     @9944      
  length          integral        6     'hd        
  addr            integral        2     'h2        
  payload         da(integral)    13    -          
    [0]           integral        8     'hd7       
    [1]           integral        8     'hba       
    [2]           integral        8     'ha0       
    [3]           integral        8     'h46       
    [4]           integral        8     'h58       
    ...           ...             ...   ...        
    [8]           integral        8     'h73       
    [9]           integral        8     'hdd       
    [10]          integral        8     'hd2       
    [11]          integral        8     'h22       
    [12]          integral        8     'h9        
  parity          integral        8     'h8b       
  parity_type     parity_e        1     GOOD_PARITY
  packet_delay    integral        32    'd0        
  begin_time      time            64    24950      
  end_time        time            64    26450      
---------------------------------------------------

UVM_ERROR ../sv/router_scoreboard.sv(57) @ 26450: uvm_test_top.tb.sb [COMPARE] Length mismatch: YAPP=25 CH=13
UVM_ERROR ../sv/router_scoreboard.sv(163) @ 26450: uvm_test_top.tb.sb [router_scoreboard] Packet mismatch on channel 2
UVM_INFO ../../hbus/sv/hbus_if.sv(89) @ 26500: reporter [HBUS_IF] Master reads 3f from 1000
UVM_INFO ../../yapp/sv/yapp_tx_seqs.sv(226) @ 26500: uvm_test_top.tb.yapp.tx_agent.sequencer@@router_simple_mcseq.six_yapp [six_yapp_seq] Executing six_yapp_seq
UVM_INFO ../../yapp/sv/yapp_tx_seqs.sv(203) @ 26500: uvm_test_top.tb.yapp.tx_agent.sequencer@@router_simple_mcseq.six_yapp.yrs [yapp_rand_seq] Executing yapp_rand_seq 6 times
UVM_INFO ../../hbus/sv/hbus_monitor.sv(109) @ 26550: uvm_test_top.tb.hbus.monitor [hbus_monitor] transaction collected :
-----------------------------------------------------------
Name                  Type                  Size  Value    
-----------------------------------------------------------
tr_collect            hbus_transaction      -     @10132   
  haddr               integral              16    'h1000   
  hdata               integral              8     'h3f     
  hwr_rd              hbus_read_write_enum  1     HBUS_READ
  wait_between_cycle  integral              32    'h0      
  begin_time          time                  64    26350    
  end_time            time                  64    26550    
-----------------------------------------------------------

UVM_INFO ../../yapp/sv/yapp_tx_monitor.sv(44) @ 30250: uvm_test_top.tb.yapp.tx_agent.monitor [yapp_tx_monitor] Packet Collected :
-----------------------------------------------
Name            Type          Size  Value      
-----------------------------------------------
pkt             yapp_packet   -     @9659      
  length        integral      6     'h1b       
  addr          integral      2     'h0        
  payload       da(integral)  27    -          
    [0]         integral      8     'h30       
    [1]         integral      8     'h39       
    [2]         integral      8     'h53       
    [3]         integral      8     'hb4       
    [4]         integral      8     'h70       
    ...         ...           ...   ...        
    [22]        integral      8     'h3c       
    [23]        integral      8     'hc9       
    [24]        integral      8     'h70       
    [25]        integral      8     'h60       
    [26]        integral      8     'hfd       
  parity        integral      8     'h92       
  parity_type   parity_t      1     GOOD_PARITY
  packet_delay  integral      32    'd0        
  begin_time    time          64    27450      
  end_time      time          64    30250      
-----------------------------------------------

UVM_INFO ../../channel/sv/channel_rx_monitor.sv(144) @ 30850: uvm_test_top.tb.chan0.rx_agent.monitor [channel_rx_monitor] Channel_0 Packet collected :
---------------------------------------------------
Name              Type            Size  Value      
---------------------------------------------------
packet_collected  channel_packet  -     @9744      
  length          integral        6     'h1b       
  addr            integral        2     'h0        
  payload         da(integral)    27    -          
    [0]           integral        8     'h30       
    [1]           integral        8     'h39       
    [2]           integral        8     'h53       
    [3]           integral        8     'hb4       
    [4]           integral        8     'h70       
    ...           ...             ...   ...        
    [22]          integral        8     'h3c       
    [23]          integral        8     'hc9       
    [24]          integral        8     'h70       
    [25]          integral        8     'h60       
    [26]          integral        8     'hfd       
  parity          integral        8     'h92       
  parity_type     parity_e        1     GOOD_PARITY
  packet_delay    integral        32    'd0        
  begin_time      time            64    27950      
  end_time        time            64    30850      
---------------------------------------------------

UVM_ERROR ../sv/router_scoreboard.sv(57) @ 30850: uvm_test_top.tb.sb [COMPARE] Length mismatch: YAPP=63 CH=27
UVM_ERROR ../sv/router_scoreboard.sv(163) @ 30850: uvm_test_top.tb.sb [router_scoreboard] Packet mismatch on channel 0
UVM_INFO ../../yapp/sv/yapp_tx_monitor.sv(44) @ 38250: uvm_test_top.tb.yapp.tx_agent.monitor [yapp_tx_monitor] Packet Collected :
-----------------------------------------------
Name            Type          Size  Value      
-----------------------------------------------
pkt             yapp_packet   -     @9590      
  length        integral      6     'h3c       
  addr          integral      2     'h2        
  payload       da(integral)  60    -          
    [0]         integral      8     'he1       
    [1]         integral      8     'hdf       
    [2]         integral      8     'h30       
    [3]         integral      8     'he        
    [4]         integral      8     'h92       
    ...         ...           ...   ...        
    [55]        integral      8     'h5d       
    [56]        integral      8     'h25       
    [57]        integral      8     'hef       
    [58]        integral      8     'h36       
    [59]        integral      8     'h1b       
  parity        integral      8     'hd2       
  parity_type   parity_t      1     GOOD_PARITY
  packet_delay  integral      32    'd0        
  begin_time    time          64    32150      
  end_time      time          64    38250      
-----------------------------------------------

UVM_INFO ../../channel/sv/channel_rx_monitor.sv(144) @ 39150: uvm_test_top.tb.chan2.rx_agent.monitor [channel_rx_monitor] Channel_2 Packet collected :
---------------------------------------------------
Name              Type            Size  Value      
---------------------------------------------------
packet_collected  channel_packet  -     @9619      
  length          integral        6     'h3c       
  addr            integral        2     'h2        
  payload         da(integral)    60    -          
    [0]           integral        8     'he1       
    [1]           integral        8     'hdf       
    [2]           integral        8     'h30       
    [3]           integral        8     'he        
    [4]           integral        8     'h92       
    ...           ...             ...   ...        
    [55]          integral        8     'h5d       
    [56]          integral        8     'h25       
    [57]          integral        8     'hef       
    [58]          integral        8     'h36       
    [59]          integral        8     'h1b       
  parity          integral        8     'hd2       
  parity_type     parity_e        1     GOOD_PARITY
  packet_delay    integral        32    'd0        
  begin_time      time            64    32950      
  end_time        time            64    39150      
---------------------------------------------------

UVM_ERROR ../sv/router_scoreboard.sv(57) @ 39150: uvm_test_top.tb.sb [COMPARE] Length mismatch: YAPP=25 CH=60
UVM_ERROR ../sv/router_scoreboard.sv(163) @ 39150: uvm_test_top.tb.sb [router_scoreboard] Packet mismatch on channel 2
UVM_INFO ../../yapp/sv/yapp_tx_monitor.sv(44) @ 40950: uvm_test_top.tb.yapp.tx_agent.monitor [yapp_tx_monitor] Packet Collected :
----------------------------------------------
Name            Type          Size  Value     
----------------------------------------------
pkt             yapp_packet   -     @9599     
  length        integral      6     'ha       
  addr          integral      2     'h2       
  payload       da(integral)  10    -         
    [0]         integral      8     'h20      
    [1]         integral      8     'h10      
    [2]         integral      8     'hc2      
    [3]         integral      8     'hb2      
    [4]         integral      8     'he6      
    [5]         integral      8     'ha7      
    [6]         integral      8     'h5b      
    [7]         integral      8     'hef      
    [8]         integral      8     'hc9      
    [9]         integral      8     'hb0      
  parity        integral      8     'h19      
  parity_type   parity_t      1     BAD_PARITY
  packet_delay  integral      32    'd0       
  begin_time    time          64    39850     
  end_time      time          64    40950     
----------------------------------------------

*** ROUTER (DUT) Parity Error Identified: Expected:19 Computed:e6 ***
UVM_INFO ../../channel/sv/channel_rx_monitor.sv(144) @ 41850: uvm_test_top.tb.chan2.rx_agent.monitor [channel_rx_monitor] Channel_2 Packet collected :
--------------------------------------------------
Name              Type            Size  Value     
--------------------------------------------------
packet_collected  channel_packet  -     @9577     
  length          integral        6     'ha       
  addr            integral        2     'h2       
  payload         da(integral)    10    -         
    [0]           integral        8     'h20      
    [1]           integral        8     'h10      
    [2]           integral        8     'hc2      
    [3]           integral        8     'hb2      
    [4]           integral        8     'he6      
    [5]           integral        8     'ha7      
    [6]           integral        8     'h5b      
    [7]           integral        8     'hef      
    [8]           integral        8     'hc9      
    [9]           integral        8     'hb0      
  parity          integral        8     'h19      
  parity_type     parity_e        1     BAD_PARITY
  packet_delay    integral        32    'd0       
  begin_time      time            64    40650     
  end_time        time            64    41850     
--------------------------------------------------

UVM_ERROR ../sv/router_scoreboard.sv(57) @ 41850: uvm_test_top.tb.sb [COMPARE] Length mismatch: YAPP=25 CH=10
UVM_ERROR ../sv/router_scoreboard.sv(163) @ 41850: uvm_test_top.tb.sb [router_scoreboard] Packet mismatch on channel 2
UVM_INFO ../../yapp/sv/yapp_tx_monitor.sv(44) @ 44850: uvm_test_top.tb.yapp.tx_agent.monitor [yapp_tx_monitor] Packet Collected :
-----------------------------------------------
Name            Type          Size  Value      
-----------------------------------------------
pkt             yapp_packet   -     @9607      
  length        integral      6     'h13       
  addr          integral      2     'h0        
  payload       da(integral)  19    -          
    [0]         integral      8     'h32       
    [1]         integral      8     'hcf       
    [2]         integral      8     'h0        
    [3]         integral      8     'h1e       
    [4]         integral      8     'hcb       
    ...         ...           ...   ...        
    [14]        integral      8     'h8b       
    [15]        integral      8     'h0        
    [16]        integral      8     'h7c       
    [17]        integral      8     'h99       
    [18]        integral      8     'h9c       
  parity        integral      8     'h82       
  parity_type   parity_t      1     GOOD_PARITY
  packet_delay  integral      32    'd0        
  begin_time    time          64    42850      
  end_time      time          64    44850      
-----------------------------------------------

UVM_INFO ../../channel/sv/channel_rx_monitor.sv(144) @ 45450: uvm_test_top.tb.chan0.rx_agent.monitor [channel_rx_monitor] Channel_0 Packet collected :
---------------------------------------------------
Name              Type            Size  Value      
---------------------------------------------------
packet_collected  channel_packet  -     @9580      
  length          integral        6     'h13       
  addr            integral        2     'h0        
  payload         da(integral)    19    -          
    [0]           integral        8     'h32       
    [1]           integral        8     'hcf       
    [2]           integral        8     'h0        
    [3]           integral        8     'h1e       
    [4]           integral        8     'hcb       
    ...           ...             ...   ...        
    [14]          integral        8     'h8b       
    [15]          integral        8     'h0        
    [16]          integral        8     'h7c       
    [17]          integral        8     'h99       
    [18]          integral        8     'h9c       
  parity          integral        8     'h82       
  parity_type     parity_e        1     GOOD_PARITY
  packet_delay    integral        32    'd0        
  begin_time      time            64    43350      
  end_time        time            64    45450      
---------------------------------------------------

UVM_ERROR ../sv/router_scoreboard.sv(57) @ 45450: uvm_test_top.tb.sb [COMPARE] Length mismatch: YAPP=63 CH=19
UVM_ERROR ../sv/router_scoreboard.sv(163) @ 45450: uvm_test_top.tb.sb [router_scoreboard] Packet mismatch on channel 0
UVM_INFO ../../yapp/sv/yapp_tx_monitor.sv(44) @ 48550: uvm_test_top.tb.yapp.tx_agent.monitor [yapp_tx_monitor] Packet Collected :
-----------------------------------------------
Name            Type          Size  Value      
-----------------------------------------------
pkt             yapp_packet   -     @9780      
  length        integral      6     'hf        
  addr          integral      2     'h2        
  payload       da(integral)  15    -          
    [0]         integral      8     'h33       
    [1]         integral      8     'h11       
    [2]         integral      8     'hec       
    [3]         integral      8     'h14       
    [4]         integral      8     'hb3       
    ...         ...           ...   ...        
    [10]        integral      8     'hd2       
    [11]        integral      8     'h54       
    [12]        integral      8     'ha3       
    [13]        integral      8     'h1b       
    [14]        integral      8     'h86       
  parity        integral      8     'h24       
  parity_type   parity_t      1     GOOD_PARITY
  packet_delay  integral      32    'd0        
  begin_time    time          64    46950      
  end_time      time          64    48550      
-----------------------------------------------

UVM_INFO ../../channel/sv/channel_rx_monitor.sv(144) @ 49250: uvm_test_top.tb.chan2.rx_agent.monitor [channel_rx_monitor] Channel_2 Packet collected :
---------------------------------------------------
Name              Type            Size  Value      
---------------------------------------------------
packet_collected  channel_packet  -     @9572      
  length          integral        6     'hf        
  addr            integral        2     'h2        
  payload         da(integral)    15    -          
    [0]           integral        8     'h33       
    [1]           integral        8     'h11       
    [2]           integral        8     'hec       
    [3]           integral        8     'h14       
    [4]           integral        8     'hb3       
    ...           ...             ...   ...        
    [10]          integral        8     'hd2       
    [11]          integral        8     'h54       
    [12]          integral        8     'ha3       
    [13]          integral        8     'h1b       
    [14]          integral        8     'h86       
  parity          integral        8     'h24       
  parity_type     parity_e        1     GOOD_PARITY
  packet_delay    integral        32    'd0        
  begin_time      time            64    47550      
  end_time        time            64    49250      
---------------------------------------------------

UVM_ERROR ../sv/router_scoreboard.sv(57) @ 49250: uvm_test_top.tb.sb [COMPARE] Length mismatch: YAPP=25 CH=15
UVM_ERROR ../sv/router_scoreboard.sv(163) @ 49250: uvm_test_top.tb.sb [router_scoreboard] Packet mismatch on channel 2
UVM_INFO ../../yapp/sv/yapp_tx_monitor.sv(44) @ 51450: uvm_test_top.tb.yapp.tx_agent.monitor [yapp_tx_monitor] Packet Collected :
----------------------------------------------
Name            Type          Size  Value     
----------------------------------------------
pkt             yapp_packet   -     @9763     
  length        integral      6     'h8       
  addr          integral      2     'h2       
  payload       da(integral)  8     -         
    [0]         integral      8     'h35      
    [1]         integral      8     'ha2      
    [2]         integral      8     'hca      
    [3]         integral      8     'h90      
    [4]         integral      8     'h75      
    [5]         integral      8     'had      
    [6]         integral      8     'he9      
    [7]         integral      8     'hdb      
  parity        integral      8     'hfa      
  parity_type   parity_t      1     BAD_PARITY
  packet_delay  integral      32    'd0       
  begin_time    time          64    50550     
  end_time      time          64    51450     
----------------------------------------------

*** ROUTER (DUT) Parity Error Identified: Expected:fa Computed:05 ***
UVM_INFO router_mcseqs_lib.sv(66) @ 51500: uvm_test_top.tb.mcseqr@@router_simple_mcseq [router_simple_mcseq] Finished router_simple_mcseq body
UVM_INFO router_mcseqs_lib.sv(44) @ 51500: uvm_test_top.tb.mcseqr@@router_simple_mcseq [router_simple_mcseq] drop objection
UVM_INFO ../../channel/sv/channel_rx_monitor.sv(144) @ 52350: uvm_test_top.tb.chan2.rx_agent.monitor [channel_rx_monitor] Channel_2 Packet collected :
--------------------------------------------------
Name              Type            Size  Value     
--------------------------------------------------
packet_collected  channel_packet  -     @9566     
  length          integral        6     'h8       
  addr            integral        2     'h2       
  payload         da(integral)    8     -         
    [0]           integral        8     'h35      
    [1]           integral        8     'ha2      
    [2]           integral        8     'hca      
    [3]           integral        8     'h90      
    [4]           integral        8     'h75      
    [5]           integral        8     'had      
    [6]           integral        8     'he9      
    [7]           integral        8     'hdb      
  parity          integral        8     'hfa      
  parity_type     parity_e        1     BAD_PARITY
  packet_delay    integral        32    'd0       
  begin_time      time            64    51350     
  end_time        time            64    52350     
--------------------------------------------------

UVM_ERROR ../sv/router_scoreboard.sv(57) @ 52350: uvm_test_top.tb.sb [COMPARE] Length mismatch: YAPP=25 CH=8
UVM_ERROR ../sv/router_scoreboard.sv(163) @ 52350: uvm_test_top.tb.sb [router_scoreboard] Packet mismatch on channel 2
UVM_INFO /tools/cadence/XCELIUM/24.09.011/tools/methodology/UVM/CDNS-1.1d/sv/src/base/uvm_objection.svh(1268) @ 53500: reporter [TEST_DONE] 'run' phase is ready to proceed to the 'extract' phase
UVM_INFO ../sv/router_scoreboard.sv(173) @ 53500: sb [router_scoreboard] Checking Router Scoreboard
UVM_INFO ../sv/router_scoreboard.sv(179) @ 53500: sb [router_scoreboard] All queues empty, good job!
UVM_INFO ../sv/router_scoreboard.sv(173) @ 53500: uvm_test_top.tb.sb [router_scoreboard] Checking Router Scoreboard
UVM_ERROR ../sv/router_scoreboard.sv(177) @ 53500: uvm_test_top.tb.sb [router_scoreboard] Scoreboard queues not empty: ch0=3 ch1=1 ch2=6
UVM_INFO ../sv/router_scoreboard.sv(184) @ 53500: sb [router_scoreboard] === Router Scoreboard Summary ===
UVM_INFO ../sv/router_scoreboard.sv(191) @ 53500: sb [router_scoreboard] YAPP in=0 dropped=0
Ch0: cmp=0 mis=0 drop=0
Ch1: cmp=0 mis=0 drop=0
Ch2: cmp=0 mis=0 drop=0
UVM_INFO ../../channel/sv/channel_rx_driver.sv(94) @ 53500: uvm_test_top.tb.chan0.rx_agent.driver [channel_rx_driver] Report: Channel_0 RX Driver Sent 3 Responses
UVM_INFO ../../channel/sv/channel_rx_monitor.sv(157) @ 53500: uvm_test_top.tb.chan0.rx_agent.monitor [channel_rx_monitor] Report: Channel_0 Monitor Collected 3 Packets
UVM_INFO ../../channel/sv/channel_rx_driver.sv(94) @ 53500: uvm_test_top.tb.chan1.rx_agent.driver [channel_rx_driver] Report: Channel_1 RX Driver Sent 1 Responses
UVM_INFO ../../channel/sv/channel_rx_monitor.sv(157) @ 53500: uvm_test_top.tb.chan1.rx_agent.monitor [channel_rx_monitor] Report: Channel_1 Monitor Collected 1 Packets
UVM_INFO ../../channel/sv/channel_rx_driver.sv(94) @ 53500: uvm_test_top.tb.chan2.rx_agent.driver [channel_rx_driver] Report: Channel_2 RX Driver Sent 5 Responses
UVM_INFO ../../channel/sv/channel_rx_monitor.sv(157) @ 53500: uvm_test_top.tb.chan2.rx_agent.monitor [channel_rx_monitor] Report: Channel_2 Monitor Collected 5 Packets
UVM_INFO ../../hbus/sv/hbus_monitor.sv(132) @ 53500: uvm_test_top.tb.hbus.monitor [hbus_monitor] Report: HBUS Monitor Collected 4 WRITE and 2 READ Transactions
UVM_INFO ../sv/router_scoreboard.sv(184) @ 53500: uvm_test_top.tb.sb [router_scoreboard] === Router Scoreboard Summary ===
UVM_INFO ../sv/router_scoreboard.sv(191) @ 53500: uvm_test_top.tb.sb [router_scoreboard] YAPP in=12 dropped=0
Ch0: cmp=1 mis=2 drop=0
Ch1: cmp=1 mis=0 drop=0
Ch2: cmp=0 mis=5 drop=0
UVM_INFO ../../yapp/sv/yapp_tx_driver.sv(75) @ 53500: uvm_test_top.tb.yapp.tx_agent.driver [yapp_tx_driver] Report: YAPP TX driver sent 12 packets
UVM_INFO ../../yapp/sv/yapp_tx_monitor.sv(52) @ 53500: uvm_test_top.tb.yapp.tx_agent.monitor [yapp_tx_monitor] Report: YAPP Monitor Collected 12 Packets

--- UVM Report catcher Summary ---


Number of demoted UVM_FATAL reports  :    0
Number of demoted UVM_ERROR reports  :    0
Number of demoted UVM_WARNING reports:    0
Number of caught UVM_FATAL reports   :    0
Number of caught UVM_ERROR reports   :    0
Number of caught UVM_WARNING reports :    0

--- UVM Report Summary ---

** Report counts by severity
UVM_INFO :  109
UVM_WARNING :    0
UVM_ERROR :   15
UVM_FATAL :    0
** Report counts by id
[COMPARE]     7
[HBUS_IF]    13
[NOCOV]     3
[RNTST]     1
[TEST_DONE]     1
[UVMTOP]     1
[channel_rx_driver]     6
[channel_rx_monitor]    18
[channel_rx_resp_seq]     3
[clk10_rst5_seq]     1
[clock_and_reset_sequence]     1
[hbus_master_driver]     7
[hbus_monitor]    15
[hbus_read_max_pkt_seq]     2
[hbus_set_default_regs_seq]     1
[hbus_set_yapp_regs_seq]     2
[hbus_small_packet_seq]     1
[router_scoreboard]    17
[router_simple_mcseq]     4
[six_yapp_seq]     1
[yapp_012_seq]     2
[yapp_rand_seq]     1
[yapp_tx_driver]     2
[yapp_tx_monitor]    14
Simulation complete via $finish(1) at time 5350 NS + 46
/tools/cadence/XCELIUM/24.09.011/tools/methodology/UVM/CDNS-1.1d/sv/src/base/uvm_root.svh:457     $finish;
xcelium> exit
TOOL:	xrun(64)	24.09-s011: Exiting on Oct 27, 2025 at 12:20:30 UTC  (total: 00:02:14)
